└─$ ./vuln    
Please enter your string: 
AAAAAAAAAAAAAAAAAAAAAAAAAAAAAAAAAAAAAAAAAAAAAAAA
Okay, time to return... Fingers Crossed... Jumping to 0x41414141
zsh: segmentation fault  ./vuln
                                                                                                            
┌──(kali㉿kali)-[~/picoCTF/binary_exploitation/buffer_overflow1]
└─$ ./vuln
Please enter your string: 
aaa
Okay, time to return... Fingers Crossed... Jumping to 0x804932f
                                                                                                            
┌──(kali㉿kali)-[~/picoCTF/binary_exploitation/buffer_overflow1]
└─$ ./vuln
Please enter your string: 
AAAAAAAAAAAAAAAAAAAAAAAAAAAAAAAAAAAAAAAAAAAAAAAA
Okay, time to return... Fingers Crossed... Jumping to 0x41414141
zsh: segmentation fault  ./vuln
                                                                                                            
┌──(kali㉿kali)-[~/picoCTF/binary_exploitation/buffer_overflow1]
└─$ sudo dmesg
[    0.000000] Linux version 6.6.15-amd64 (devel@kali.org) (gcc-13 (Debian 13.2.0-13) 13.2.0, GNU ld (GNU Binutils for Debian) 2.42) #1 SMP PREEMPT_DYNAMIC Kali 6.6.15-2kali1 (2024-04-09)
[    0.000000] Command line: BOOT_IMAGE=/boot/vmlinuz-6.6.15-amd64 root=UUID=62d31794-7e10-4503-b064-1f61831bc953 ro quiet splash
[    0.000000] Disabled fast string operations
[    0.000000] BIOS-provided physical RAM map:
[    0.000000] BIOS-e820: [mem 0x0000000000000000-0x000000000009f3ff] usable
[    0.000000] BIOS-e820: [mem 0x000000000009f400-0x000000000009ffff] reserved
[    0.000000] BIOS-e820: [mem 0x00000000000dc000-0x00000000000fffff] reserved
[    0.000000] BIOS-e820: [mem 0x0000000000100000-0x00000000bfedffff] usable
[    0.000000] BIOS-e820: [mem 0x00000000bfee0000-0x00000000bfefefff] ACPI data
[    0.000000] BIOS-e820: [mem 0x00000000bfeff000-0x00000000bfefffff] ACPI NVS
[    0.000000] BIOS-e820: [mem 0x00000000bff00000-0x00000000bfffffff] usable
[    0.000000] BIOS-e820: [mem 0x00000000f0000000-0x00000000f7ffffff] reserved
[    0.000000] BIOS-e820: [mem 0x00000000fec00000-0x00000000fec0ffff] reserved
[    0.000000] BIOS-e820: [mem 0x00000000fee00000-0x00000000fee00fff] reserved
[    0.000000] BIOS-e820: [mem 0x00000000fffe0000-0x00000000ffffffff] reserved
[    0.000000] BIOS-e820: [mem 0x0000000100000000-0x000000013fffffff] usable
[    0.000000] NX (Execute Disable) protection: active
[    0.000000] APIC: Static calls initialized
[    0.000000] SMBIOS 2.4 present.
[    0.000000] DMI: VMware, Inc. VMware Virtual Platform/440BX Desktop Reference Platform, BIOS 6.00 11/12/2020
[    0.000000] vmware: hypercall mode: 0x00
[    0.000000] Hypervisor detected: VMware
[    0.000000] vmware: TSC freq read from hypervisor : 2304.003 MHz
[    0.000000] vmware: Host bus clock speed read from hypervisor : 66000000 Hz
[    0.000000] vmware: using clock offset of 9358342863 ns
[    0.000014] tsc: Detected 2304.003 MHz processor
[    0.001400] e820: update [mem 0x00000000-0x00000fff] usable ==> reserved
[    0.001402] e820: remove [mem 0x000a0000-0x000fffff] usable
[    0.001407] last_pfn = 0x140000 max_arch_pfn = 0x400000000
[    0.001426] MTRR map: 8 entries (5 fixed + 3 variable; max 21), built from 8 variable MTRRs
[    0.001428] x86/PAT: Configuration [0-7]: WB  WC  UC- UC  WB  WP  UC- WT  
[    0.001453] e820: update [mem 0xc0000000-0xffffffff] usable ==> reserved
[    0.001456] last_pfn = 0xc0000 max_arch_pfn = 0x400000000
[    0.008898] found SMP MP-table at [mem 0x000f6a70-0x000f6a7f]
[    0.009124] RAMDISK: [mem 0x2ea13000-0x33500fff]
[    0.009129] ACPI: Early table checksum verification disabled
[    0.009132] ACPI: RSDP 0x00000000000F6A00 000024 (v02 PTLTD )
[    0.009136] ACPI: XSDT 0x00000000BFEED9DA 00005C (v01 INTEL  440BX    06040000 VMW  01324272)
[    0.009141] ACPI: FACP 0x00000000BFEFEE73 0000F4 (v04 INTEL  440BX    06040000 PTL  000F4240)
[    0.009148] ACPI: DSDT 0x00000000BFEEE009 010E6A (v01 PTLTD  Custom   06040000 MSFT 03000001)
[    0.009152] ACPI: FACS 0x00000000BFEFFFC0 000040
[    0.009155] ACPI: FACS 0x00000000BFEFFFC0 000040
[    0.009157] ACPI: BOOT 0x00000000BFEEDFBC 000028 (v01 PTLTD  $SBFTBL$ 06040000  LTP 00000001)
[    0.009160] ACPI: APIC 0x00000000BFEEDDBA 000202 (v01 PTLTD  ? APIC   06040000  LTP 00000000)
[    0.009163] ACPI: MCFG 0x00000000BFEEDD7E 00003C (v01 PTLTD  $PCITBL$ 06040000  LTP 00000001)
[    0.009166] ACPI: SRAT 0x00000000BFEEDAD6 0002A8 (v02 VMWARE MEMPLUG  06040000 VMW  00000001)
[    0.009168] ACPI: HPET 0x00000000BFEEDA9E 000038 (v01 VMWARE VMW HPET 06040000 VMW  00000001)
[    0.009171] ACPI: WAET 0x00000000BFEEDA76 000028 (v01 VMWARE VMW WAET 06040000 VMW  00000001)
[    0.009173] ACPI: Reserving FACP table memory at [mem 0xbfefee73-0xbfefef66]
[    0.009174] ACPI: Reserving DSDT table memory at [mem 0xbfeee009-0xbfefee72]
[    0.009175] ACPI: Reserving FACS table memory at [mem 0xbfefffc0-0xbfefffff]
[    0.009176] ACPI: Reserving FACS table memory at [mem 0xbfefffc0-0xbfefffff]
[    0.009176] ACPI: Reserving BOOT table memory at [mem 0xbfeedfbc-0xbfeedfe3]
[    0.009177] ACPI: Reserving APIC table memory at [mem 0xbfeeddba-0xbfeedfbb]
[    0.009177] ACPI: Reserving MCFG table memory at [mem 0xbfeedd7e-0xbfeeddb9]
[    0.009178] ACPI: Reserving SRAT table memory at [mem 0xbfeedad6-0xbfeedd7d]
[    0.009178] ACPI: Reserving HPET table memory at [mem 0xbfeeda9e-0xbfeedad5]
[    0.009179] ACPI: Reserving WAET table memory at [mem 0xbfeeda76-0xbfeeda9d]
[    0.009203] system APIC only can use physical flat
[    0.009207] APIC: Switched APIC routing to: physical flat
[    0.009233] SRAT: PXM 0 -> APIC 0x00 -> Node 0
[    0.009234] SRAT: PXM 0 -> APIC 0x01 -> Node 0
[    0.009234] SRAT: PXM 0 -> APIC 0x02 -> Node 0
[    0.009235] SRAT: PXM 0 -> APIC 0x03 -> Node 0
[    0.009235] SRAT: PXM 0 -> APIC 0x04 -> Node 0
[    0.009236] SRAT: PXM 0 -> APIC 0x05 -> Node 0
[    0.009236] SRAT: PXM 0 -> APIC 0x06 -> Node 0
[    0.009237] SRAT: PXM 0 -> APIC 0x07 -> Node 0
[    0.009237] SRAT: PXM 0 -> APIC 0x08 -> Node 0
[    0.009237] SRAT: PXM 0 -> APIC 0x09 -> Node 0
[    0.009238] SRAT: PXM 0 -> APIC 0x0a -> Node 0
[    0.009238] SRAT: PXM 0 -> APIC 0x0b -> Node 0
[    0.009239] SRAT: PXM 0 -> APIC 0x0c -> Node 0
[    0.009239] SRAT: PXM 0 -> APIC 0x0d -> Node 0
[    0.009240] SRAT: PXM 0 -> APIC 0x0e -> Node 0
[    0.009240] SRAT: PXM 0 -> APIC 0x0f -> Node 0
[    0.009241] SRAT: PXM 0 -> APIC 0x10 -> Node 0
[    0.009241] SRAT: PXM 0 -> APIC 0x11 -> Node 0
[    0.009242] SRAT: PXM 0 -> APIC 0x12 -> Node 0
[    0.009242] SRAT: PXM 0 -> APIC 0x13 -> Node 0
[    0.009242] SRAT: PXM 0 -> APIC 0x14 -> Node 0
[    0.009243] SRAT: PXM 0 -> APIC 0x15 -> Node 0
[    0.009243] SRAT: PXM 0 -> APIC 0x16 -> Node 0
[    0.009244] SRAT: PXM 0 -> APIC 0x17 -> Node 0
[    0.009244] SRAT: PXM 0 -> APIC 0x18 -> Node 0
[    0.009245] SRAT: PXM 0 -> APIC 0x19 -> Node 0
[    0.009245] SRAT: PXM 0 -> APIC 0x1a -> Node 0
[    0.009246] SRAT: PXM 0 -> APIC 0x1b -> Node 0
[    0.009246] SRAT: PXM 0 -> APIC 0x1c -> Node 0
[    0.009246] SRAT: PXM 0 -> APIC 0x1d -> Node 0
[    0.009247] SRAT: PXM 0 -> APIC 0x1e -> Node 0
[    0.009247] SRAT: PXM 0 -> APIC 0x1f -> Node 0
[    0.009249] ACPI: SRAT: Node 0 PXM 0 [mem 0x00000000-0x0009ffff]
[    0.009250] ACPI: SRAT: Node 0 PXM 0 [mem 0x00100000-0xbfffffff]
[    0.009251] ACPI: SRAT: Node 0 PXM 0 [mem 0x100000000-0x13fffffff]
[    0.009254] NUMA: Node 0 [mem 0x00000000-0x0009ffff] + [mem 0x00100000-0xbfffffff] -> [mem 0x00000000-0xbfffffff]
[    0.009255] NUMA: Node 0 [mem 0x00000000-0xbfffffff] + [mem 0x100000000-0x13fffffff] -> [mem 0x00000000-0x13fffffff]
[    0.009262] NODE_DATA(0) allocated [mem 0x13ffd2000-0x13fffcfff]
[    0.010274] Zone ranges:
[    0.010275]   DMA      [mem 0x0000000000001000-0x0000000000ffffff]
[    0.010277]   DMA32    [mem 0x0000000001000000-0x00000000ffffffff]
[    0.010278]   Normal   [mem 0x0000000100000000-0x000000013fffffff]
[    0.010279]   Device   empty
[    0.010280] Movable zone start for each node
[    0.010281] Early memory node ranges
[    0.010282]   node   0: [mem 0x0000000000001000-0x000000000009efff]
[    0.010283]   node   0: [mem 0x0000000000100000-0x00000000bfedffff]
[    0.010284]   node   0: [mem 0x00000000bff00000-0x00000000bfffffff]
[    0.010284]   node   0: [mem 0x0000000100000000-0x000000013fffffff]
[    0.010285] Initmem setup node 0 [mem 0x0000000000001000-0x000000013fffffff]
[    0.010352] On node 0, zone DMA: 1 pages in unavailable ranges
[    0.011339] On node 0, zone DMA: 97 pages in unavailable ranges
[    0.202044] On node 0, zone DMA32: 32 pages in unavailable ranges
[    0.212801] ACPI: PM-Timer IO Port: 0x1008
[    0.212805] system APIC only can use physical flat
[    0.212811] ACPI: LAPIC_NMI (acpi_id[0x00] high edge lint[0x1])
[    0.212813] ACPI: LAPIC_NMI (acpi_id[0x01] high edge lint[0x1])
[    0.212813] ACPI: LAPIC_NMI (acpi_id[0x02] high edge lint[0x1])
[    0.212814] ACPI: LAPIC_NMI (acpi_id[0x03] high edge lint[0x1])
[    0.212814] ACPI: LAPIC_NMI (acpi_id[0x04] high edge lint[0x1])
[    0.212815] ACPI: LAPIC_NMI (acpi_id[0x05] high edge lint[0x1])
[    0.212815] ACPI: LAPIC_NMI (acpi_id[0x06] high edge lint[0x1])
[    0.212816] ACPI: LAPIC_NMI (acpi_id[0x07] high edge lint[0x1])
[    0.212816] ACPI: LAPIC_NMI (acpi_id[0x08] high edge lint[0x1])
[    0.212817] ACPI: LAPIC_NMI (acpi_id[0x09] high edge lint[0x1])
[    0.212817] ACPI: LAPIC_NMI (acpi_id[0x0a] high edge lint[0x1])
[    0.212818] ACPI: LAPIC_NMI (acpi_id[0x0b] high edge lint[0x1])
[    0.212818] ACPI: LAPIC_NMI (acpi_id[0x0c] high edge lint[0x1])
[    0.212819] ACPI: LAPIC_NMI (acpi_id[0x0d] high edge lint[0x1])
[    0.212819] ACPI: LAPIC_NMI (acpi_id[0x0e] high edge lint[0x1])
[    0.212819] ACPI: LAPIC_NMI (acpi_id[0x0f] high edge lint[0x1])
[    0.212820] ACPI: LAPIC_NMI (acpi_id[0x10] high edge lint[0x1])
[    0.212821] ACPI: LAPIC_NMI (acpi_id[0x11] high edge lint[0x1])
[    0.212821] ACPI: LAPIC_NMI (acpi_id[0x12] high edge lint[0x1])
[    0.212822] ACPI: LAPIC_NMI (acpi_id[0x13] high edge lint[0x1])
[    0.212822] ACPI: LAPIC_NMI (acpi_id[0x14] high edge lint[0x1])
[    0.212822] ACPI: LAPIC_NMI (acpi_id[0x15] high edge lint[0x1])
[    0.212823] ACPI: LAPIC_NMI (acpi_id[0x16] high edge lint[0x1])
[    0.212823] ACPI: LAPIC_NMI (acpi_id[0x17] high edge lint[0x1])
[    0.212824] ACPI: LAPIC_NMI (acpi_id[0x18] high edge lint[0x1])
[    0.212824] ACPI: LAPIC_NMI (acpi_id[0x19] high edge lint[0x1])
[    0.212825] ACPI: LAPIC_NMI (acpi_id[0x1a] high edge lint[0x1])
[    0.212825] ACPI: LAPIC_NMI (acpi_id[0x1b] high edge lint[0x1])
[    0.212826] ACPI: LAPIC_NMI (acpi_id[0x1c] high edge lint[0x1])
[    0.212826] ACPI: LAPIC_NMI (acpi_id[0x1d] high edge lint[0x1])
[    0.212827] ACPI: LAPIC_NMI (acpi_id[0x1e] high edge lint[0x1])
[    0.212827] ACPI: LAPIC_NMI (acpi_id[0x1f] high edge lint[0x1])
[    0.212855] IOAPIC[0]: apic_id 32, version 17, address 0xfec00000, GSI 0-23
[    0.212859] ACPI: INT_SRC_OVR (bus 0 bus_irq 0 global_irq 2 high edge)
[    0.212864] ACPI: Using ACPI (MADT) for SMP configuration information
[    0.212865] ACPI: HPET id: 0x8086af01 base: 0xfed00000
[    0.212869] smpboot: Allowing 32 CPUs, 28 hotplug CPUs
[    0.212898] PM: hibernation: Registered nosave memory: [mem 0x00000000-0x00000fff]
[    0.212900] PM: hibernation: Registered nosave memory: [mem 0x0009f000-0x0009ffff]
[    0.212901] PM: hibernation: Registered nosave memory: [mem 0x000a0000-0x000dbfff]
[    0.212901] PM: hibernation: Registered nosave memory: [mem 0x000dc000-0x000fffff]
[    0.212902] PM: hibernation: Registered nosave memory: [mem 0xbfee0000-0xbfefefff]
[    0.212903] PM: hibernation: Registered nosave memory: [mem 0xbfeff000-0xbfefffff]
[    0.212903] PM: hibernation: Registered nosave memory: [mem 0xc0000000-0xefffffff]
[    0.212904] PM: hibernation: Registered nosave memory: [mem 0xf0000000-0xf7ffffff]
[    0.212904] PM: hibernation: Registered nosave memory: [mem 0xf8000000-0xfebfffff]
[    0.212905] PM: hibernation: Registered nosave memory: [mem 0xfec00000-0xfec0ffff]
[    0.212905] PM: hibernation: Registered nosave memory: [mem 0xfec10000-0xfedfffff]
[    0.212906] PM: hibernation: Registered nosave memory: [mem 0xfee00000-0xfee00fff]
[    0.212906] PM: hibernation: Registered nosave memory: [mem 0xfee01000-0xfffdffff]
[    0.212907] PM: hibernation: Registered nosave memory: [mem 0xfffe0000-0xffffffff]
[    0.212908] [mem 0xc0000000-0xefffffff] available for PCI devices
[    0.212909] Booting paravirtualized kernel on VMware hypervisor
[    0.212911] clocksource: refined-jiffies: mask: 0xffffffff max_cycles: 0xffffffff, max_idle_ns: 7645519600211568 ns
[    0.216591] setup_percpu: NR_CPUS:8192 nr_cpumask_bits:32 nr_cpu_ids:32 nr_node_ids:1
[    0.248939] percpu: Embedded 63 pages/cpu s221184 r8192 d28672 u262144
[    0.248946] pcpu-alloc: s221184 r8192 d28672 u262144 alloc=1*2097152
[    0.248948] pcpu-alloc: [0] 00 01 02 03 04 05 06 07 [0] 08 09 10 11 12 13 14 15 
[    0.248954] pcpu-alloc: [0] 16 17 18 19 20 21 22 23 [0] 24 25 26 27 28 29 30 31 
[    0.248989] Kernel command line: BOOT_IMAGE=/boot/vmlinuz-6.6.15-amd64 root=UUID=62d31794-7e10-4503-b064-1f61831bc953 ro quiet splash
[    0.249033] Unknown kernel command line parameters "splash BOOT_IMAGE=/boot/vmlinuz-6.6.15-amd64", will be passed to user space.
[    0.249037] printk: log_buf_len individual max cpu contribution: 4096 bytes
[    0.249038] printk: log_buf_len total cpu_extra contributions: 126976 bytes
[    0.249038] printk: log_buf_len min size: 131072 bytes
[    0.253645] printk: log_buf_len: 262144 bytes
[    0.253646] printk: early log buf free: 119264(90%)
[    0.269458] Dentry cache hash table entries: 524288 (order: 10, 4194304 bytes, linear)
[    0.277450] Inode-cache hash table entries: 262144 (order: 9, 2097152 bytes, linear)
[    0.279183] Fallback order for Node 0: 0 
[    0.279189] Built 1 zonelists, mobility grouping on.  Total pages: 1031904
[    0.279190] Policy zone: Normal
[    0.279205] mem auto-init: stack:all(zero), heap alloc:on, heap free:off
[    0.279210] software IO TLB: area num 32.
[    0.373632] Memory: 3090044K/4193784K available (16384K kernel code, 2363K rwdata, 10548K rodata, 3964K init, 3620K bss, 268160K reserved, 0K cma-reserved)
[    0.378585] SLUB: HWalign=64, Order=0-3, MinObjects=0, CPUs=32, Nodes=1
[    0.378714] Kernel/User page tables isolation: enabled
[    0.379139] ftrace: allocating 43123 entries in 169 pages
[    0.387183] ftrace: allocated 169 pages with 4 groups
[    0.388853] Dynamic Preempt: voluntary
[    0.389647] rcu: Preemptible hierarchical RCU implementation.
[    0.389648] rcu:     RCU restricting CPUs from NR_CPUS=8192 to nr_cpu_ids=32.
[    0.389649]  Trampoline variant of Tasks RCU enabled.
[    0.389649]  Rude variant of Tasks RCU enabled.
[    0.389649]  Tracing variant of Tasks RCU enabled.
[    0.389650] rcu: RCU calculated value of scheduler-enlistment delay is 25 jiffies.
[    0.389650] rcu: Adjusting geometry for rcu_fanout_leaf=16, nr_cpu_ids=32
[    0.393767] NR_IRQS: 524544, nr_irqs: 680, preallocated irqs: 16
[    0.394235] rcu: srcu_init: Setting srcu_struct sizes based on contention.
[    0.395768] Console: colour VGA+ 80x25
[    0.395771] printk: console [tty0] enabled
[    0.395994] ACPI: Core revision 20230628
[    0.396550] clocksource: hpet: mask: 0xffffffff max_cycles: 0xffffffff, max_idle_ns: 133484882848 ns
[    0.396657] APIC: Switch to symmetric I/O mode setup
[    0.396971] ..TIMER: vector=0x30 apic1=0 pin1=2 apic2=-1 pin2=-1
[    0.396988] clocksource: tsc-early: mask: 0xffffffffffffffff max_cycles: 0x2135fabfc56, max_idle_ns: 440795260950 ns
[    0.396994] Calibrating delay loop (skipped) preset value.. 4608.00 BogoMIPS (lpj=9216012)
[    0.397034] Disabled fast string operations
[    0.397092] Last level iTLB entries: 4KB 64, 2MB 8, 4MB 8
[    0.397094] Last level dTLB entries: 4KB 64, 2MB 0, 4MB 0, 1GB 4
[    0.397096] Spectre V1 : Mitigation: usercopy/swapgs barriers and __user pointer sanitization
[    0.397098] Spectre V2 : Mitigation: Retpolines
[    0.397098] Spectre V2 : Spectre v2 / SpectreRSB mitigation: Filling RSB on context switch
[    0.397099] Spectre V2 : Spectre v2 / SpectreRSB : Filling RSB on VMEXIT
[    0.397099] RETBleed: WARNING: Spectre v2 mitigation leaves CPU vulnerable to RETBleed attacks, data leaks possible!                                                                                                 
[    0.397193] RETBleed: Vulnerable
[    0.397194] Speculative Store Bypass: Vulnerable
[    0.397199] MDS: Vulnerable: Clear CPU buffers attempted, no microcode
[    0.397200] MMIO Stale Data: Vulnerable: Clear CPU buffers attempted, no microcode
[    0.397200] GDS: Unknown: Dependent on hypervisor status
[    0.397212] x86/fpu: Supporting XSAVE feature 0x001: 'x87 floating point registers'
[    0.397213] x86/fpu: Supporting XSAVE feature 0x002: 'SSE registers'
[    0.397213] x86/fpu: Supporting XSAVE feature 0x004: 'AVX registers'
[    0.397214] x86/fpu: xstate_offset[2]:  576, xstate_sizes[2]:  256
[    0.397215] x86/fpu: Enabled xstate features 0x7, context size is 832 bytes, using 'standard' format.
[    0.409871] Freeing SMP alternatives memory: 36K
[    0.409875] pid_max: default: 32768 minimum: 301
[    0.410364] LSM: initializing lsm=lockdown,capability,landlock,yama,apparmor,tomoyo,bpf,integrity
[    0.410509] landlock: Up and running.
[    0.410509] Yama: disabled by default; enable with sysctl kernel.yama.*
[    0.410646] AppArmor: AppArmor initialized
[    0.410648] TOMOYO Linux initialized
[    0.410651] LSM support for eBPF active
[    0.411071] Mount-cache hash table entries: 8192 (order: 4, 65536 bytes, linear)
[    0.411310] Mountpoint-cache hash table entries: 8192 (order: 4, 65536 bytes, linear)
[    0.415109] smpboot: CPU0: Intel(R) Core(TM) i5-8300H CPU @ 2.30GHz (family: 0x6, model: 0x9e, stepping: 0xa)
[    0.417482] RCU Tasks: Setting shift to 5 and lim to 1 rcu_task_cb_adjust=1.
[    0.417576] RCU Tasks Rude: Setting shift to 5 and lim to 1 rcu_task_cb_adjust=1.
[    0.417656] RCU Tasks Trace: Setting shift to 5 and lim to 1 rcu_task_cb_adjust=1.
[    0.417746] Performance Events: Skylake events, core PMU driver.
[    0.417786] core: CPUID marked event: 'cpu cycles' unavailable
[    0.417787] core: CPUID marked event: 'instructions' unavailable
[    0.417787] core: CPUID marked event: 'bus cycles' unavailable
[    0.417788] core: CPUID marked event: 'cache references' unavailable
[    0.417788] core: CPUID marked event: 'cache misses' unavailable
[    0.417789] core: CPUID marked event: 'branch instructions' unavailable
[    0.417789] core: CPUID marked event: 'branch misses' unavailable
[    0.417790] ... version:                1
[    0.417791] ... bit width:              48
[    0.417791] ... generic registers:      4
[    0.417792] ... value mask:             0000ffffffffffff
[    0.417793] ... max period:             000000007fffffff
[    0.417793] ... fixed-purpose events:   0
[    0.417794] ... event mask:             000000000000000f
[    0.417927] signal: max sigframe size: 1776
[    0.418286] rcu: Hierarchical SRCU implementation.
[    0.418287] rcu:     Max phase no-delay instances is 1000.
[    0.419060] NMI watchdog: Perf NMI watchdog permanently disabled
[    0.423108] smp: Bringing up secondary CPUs ...
[    0.424059] smpboot: x86: Booting SMP configuration:
[    0.424060] .... node  #0, CPUs:        #1  #2  #3
[    0.002544] Disabled fast string operations
[    0.002544] [Firmware Bug]: CPU1: APIC id mismatch. Firmware: 1 APIC: 2
[    0.002544] smpboot: CPU 1 Converting physical 2 to logical package 1
[    0.002544] smpboot: CPU 1 Converting physical 0 to logical die 1
[    0.002544] Disabled fast string operations
[    0.002544] [Firmware Bug]: CPU2: APIC id mismatch. Firmware: 2 APIC: 4
[    0.002544] smpboot: CPU 2 Converting physical 4 to logical package 2
[    0.002544] smpboot: CPU 2 Converting physical 0 to logical die 2
[    0.002544] Disabled fast string operations
[    0.002544] [Firmware Bug]: CPU3: APIC id mismatch. Firmware: 3 APIC: 6
[    0.002544] smpboot: CPU 3 Converting physical 6 to logical package 3
[    0.002544] smpboot: CPU 3 Converting physical 0 to logical die 3
[    0.426608] smp: Brought up 1 node, 4 CPUs
[    0.426608] smpboot: Max logical packages: 32
[    0.426608] smpboot: Total of 4 processors activated (18432.02 BogoMIPS)
[    0.467362] node 0 deferred pages initialised in 36ms
[    0.467367] devtmpfs: initialized
[    0.467367] x86/mm: Memory block size: 128MB
[    0.469647] ACPI: PM: Registering ACPI NVS region [mem 0xbfeff000-0xbfefffff] (4096 bytes)
[    0.469647] clocksource: jiffies: mask: 0xffffffff max_cycles: 0xffffffff, max_idle_ns: 7645041785100000 ns
[    0.471212] futex hash table entries: 8192 (order: 7, 524288 bytes, linear)
[    0.471491] pinctrl core: initialized pinctrl subsystem
[    0.482206] NET: Registered PF_NETLINK/PF_ROUTE protocol family
[    0.484497] DMA: preallocated 512 KiB GFP_KERNEL pool for atomic allocations
[    0.484619] DMA: preallocated 512 KiB GFP_KERNEL|GFP_DMA pool for atomic allocations
[    0.484700] DMA: preallocated 512 KiB GFP_KERNEL|GFP_DMA32 pool for atomic allocations
[    0.484905] audit: initializing netlink subsys (disabled)
[    0.485158] audit: type=2000 audit(1714291476.092:1): state=initialized audit_enabled=0 res=1
[    0.485354] thermal_sys: Registered thermal governor 'fair_share'
[    0.485356] thermal_sys: Registered thermal governor 'bang_bang'
[    0.485356] thermal_sys: Registered thermal governor 'step_wise'
[    0.485357] thermal_sys: Registered thermal governor 'user_space'
[    0.485357] thermal_sys: Registered thermal governor 'power_allocator'
[    0.485460] cpuidle: using governor ladder
[    0.485460] cpuidle: using governor menu
[    0.485460] Simple Boot Flag at 0x36 set to 0x80
[    0.485460] acpiphp: ACPI Hot Plug PCI Controller Driver version: 0.5
[    0.485767] PCI: MMCONFIG for domain 0000 [bus 00-7f] at [mem 0xf0000000-0xf7ffffff] (base 0xf0000000)
[    0.485771] PCI: MMCONFIG at [mem 0xf0000000-0xf7ffffff] reserved as E820 entry
[    0.485779] PCI: Using configuration type 1 for base access
[    0.486334] kprobes: kprobe jump-optimization is enabled. All kprobes are optimized if possible.
[    0.497821] HugeTLB: registered 2.00 MiB page size, pre-allocated 0 pages
[    0.497823] HugeTLB: 28 KiB vmemmap can be freed for a 2.00 MiB page
[    0.501529] ACPI: Added _OSI(Module Device)
[    0.501530] ACPI: Added _OSI(Processor Device)
[    0.501531] ACPI: Added _OSI(3.0 _SCP Extensions)
[    0.501531] ACPI: Added _OSI(Processor Aggregator Device)
[    0.504991] ACPI: 1 ACPI AML tables successfully acquired and loaded
[    0.505438] ACPI: [Firmware Bug]: BIOS _OSI(Linux) query ignored
[    0.509117] ACPI: _OSC evaluation for CPUs failed, trying _PDC
[    0.510040] ACPI: Interpreter enabled
[    0.510074] ACPI: PM: (supports S0 S1 S4 S5)
[    0.510075] ACPI: Using IOAPIC for interrupt routing
[    0.510090] PCI: Using host bridge windows from ACPI; if necessary, use "pci=nocrs" and report a bug
[    0.510091] PCI: Using E820 reservations for host bridge windows
[    0.510390] ACPI: Enabled 4 GPEs in block 00 to 0F
[    0.551487] ACPI: PCI Root Bridge [PCI0] (domain 0000 [bus 00-7f])
[    0.551496] acpi PNP0A03:00: _OSC: OS supports [ExtendedConfig ASPM ClockPM Segments MSI HPX-Type3]
[    0.551566] acpi PNP0A03:00: _OSC: platform does not support [AER LTR]
[    0.551799] acpi PNP0A03:00: _OSC: OS now controls [PCIeHotplug SHPCHotplug PME PCIeCapability]
[    0.553802] PCI host bridge to bus 0000:00
[    0.553804] pci_bus 0000:00: root bus resource [mem 0x000a0000-0x000bffff window]
[    0.553806] pci_bus 0000:00: root bus resource [mem 0x000cc000-0x000dbfff window]
[    0.553807] pci_bus 0000:00: root bus resource [mem 0xc0000000-0xfebfffff window]
[    0.553808] pci_bus 0000:00: root bus resource [io  0x0000-0x0cf7 window]
[    0.553809] pci_bus 0000:00: root bus resource [io  0x0d00-0xfeff window]
[    0.553810] pci_bus 0000:00: root bus resource [bus 00-7f]
[    0.554000] pci 0000:00:00.0: [8086:7190] type 00 class 0x060000
[    0.554807] pci 0000:00:01.0: [8086:7191] type 01 class 0x060400
[    0.555370] pci 0000:00:07.0: [8086:7110] type 00 class 0x060100
[    0.556203] pci 0000:00:07.1: [8086:7111] type 00 class 0x01018a
[    0.558183] pci 0000:00:07.1: reg 0x20: [io  0x1060-0x106f]
[    0.558761] pci 0000:00:07.1: legacy IDE quirk: reg 0x10: [io  0x01f0-0x01f7]
[    0.558763] pci 0000:00:07.1: legacy IDE quirk: reg 0x14: [io  0x03f6]
[    0.558764] pci 0000:00:07.1: legacy IDE quirk: reg 0x18: [io  0x0170-0x0177]
[    0.558765] pci 0000:00:07.1: legacy IDE quirk: reg 0x1c: [io  0x0376]
[    0.559000] pci 0000:00:07.3: [8086:7113] type 00 class 0x068000
[    0.560606] pci 0000:00:07.3: quirk: [io  0x1000-0x103f] claimed by PIIX4 ACPI
[    0.560618] pci 0000:00:07.3: quirk: [io  0x1040-0x104f] claimed by PIIX4 SMB
[    0.561141] pci 0000:00:07.7: [15ad:0740] type 00 class 0x088000
[    0.561736] pci 0000:00:07.7: reg 0x10: [io  0x1080-0x10bf]
[    0.562292] pci 0000:00:07.7: reg 0x14: [mem 0xfebfe000-0xfebfffff 64bit]
[    0.564925] pci 0000:00:0f.0: [15ad:0405] type 00 class 0x030000
[    0.566044] pci 0000:00:0f.0: reg 0x10: [io  0x1070-0x107f]
[    0.567021] pci 0000:00:0f.0: reg 0x14: [mem 0xe8000000-0xefffffff pref]
[    0.567912] pci 0000:00:0f.0: reg 0x18: [mem 0xfe000000-0xfe7fffff]
[    0.575249] pci 0000:00:0f.0: reg 0x30: [mem 0x00000000-0x00007fff pref]
[    0.575315] pci 0000:00:0f.0: Video device with shadowed ROM at [mem 0x000c0000-0x000dffff]
[    0.575686] pci 0000:00:10.0: [1000:0030] type 00 class 0x010000
[    0.576258] pci 0000:00:10.0: reg 0x10: [io  0x1400-0x14ff]
[    0.576258] pci 0000:00:10.0: reg 0x14: [mem 0xfeba0000-0xfebbffff 64bit]
[    0.576258] pci 0000:00:10.0: reg 0x1c: [mem 0xfebc0000-0xfebdffff 64bit]
[    0.576258] pci 0000:00:10.0: reg 0x30: [mem 0x00000000-0x00003fff pref]
[    0.576258] pci 0000:00:11.0: [15ad:0790] type 01 class 0x060401
[    0.576258] pci 0000:00:15.0: [15ad:07a0] type 01 class 0x060400
[    0.576934] pci 0000:00:15.0: PME# supported from D0 D3hot D3cold
[    0.577492] pci 0000:00:15.1: [15ad:07a0] type 01 class 0x060400
[    0.578329] pci 0000:00:15.1: PME# supported from D0 D3hot D3cold
[    0.578853] pci 0000:00:15.2: [15ad:07a0] type 01 class 0x060400
[    0.579672] pci 0000:00:15.2: PME# supported from D0 D3hot D3cold
[    0.580237] pci 0000:00:15.3: [15ad:07a0] type 01 class 0x060400
[    0.581049] pci 0000:00:15.3: PME# supported from D0 D3hot D3cold
[    0.581541] pci 0000:00:15.4: [15ad:07a0] type 01 class 0x060400
[    0.582564] pci 0000:00:15.4: PME# supported from D0 D3hot D3cold
[    0.583142] pci 0000:00:15.5: [15ad:07a0] type 01 class 0x060400
[    0.584007] pci 0000:00:15.5: PME# supported from D0 D3hot D3cold
[    0.584540] pci 0000:00:15.6: [15ad:07a0] type 01 class 0x060400
[    0.585363] pci 0000:00:15.6: PME# supported from D0 D3hot D3cold
[    0.586041] pci 0000:00:15.7: [15ad:07a0] type 01 class 0x060400
[    0.586870] pci 0000:00:15.7: PME# supported from D0 D3hot D3cold
[    0.587521] pci 0000:00:16.0: [15ad:07a0] type 01 class 0x060400
[    0.588335] pci 0000:00:16.0: PME# supported from D0 D3hot D3cold
[    0.588845] pci 0000:00:16.1: [15ad:07a0] type 01 class 0x060400
[    0.589984] pci 0000:00:16.1: PME# supported from D0 D3hot D3cold
[    0.590486] pci 0000:00:16.2: [15ad:07a0] type 01 class 0x060400
[    0.591304] pci 0000:00:16.2: PME# supported from D0 D3hot D3cold
[    0.591840] pci 0000:00:16.3: [15ad:07a0] type 01 class 0x060400
[    0.592654] pci 0000:00:16.3: PME# supported from D0 D3hot D3cold
[    0.593167] pci 0000:00:16.4: [15ad:07a0] type 01 class 0x060400
[    0.594025] pci 0000:00:16.4: PME# supported from D0 D3hot D3cold
[    0.594514] pci 0000:00:16.5: [15ad:07a0] type 01 class 0x060400
[    0.595326] pci 0000:00:16.5: PME# supported from D0 D3hot D3cold
[    0.595822] pci 0000:00:16.6: [15ad:07a0] type 01 class 0x060400
[    0.596693] pci 0000:00:16.6: PME# supported from D0 D3hot D3cold
[    0.597673] pci 0000:00:16.7: [15ad:07a0] type 01 class 0x060400
[    0.598521] pci 0000:00:16.7: PME# supported from D0 D3hot D3cold
[    0.599079] pci 0000:00:17.0: [15ad:07a0] type 01 class 0x060400
[    0.599945] pci 0000:00:17.0: PME# supported from D0 D3hot D3cold
[    0.600441] pci 0000:00:17.1: [15ad:07a0] type 01 class 0x060400
[    0.601255] pci 0000:00:17.1: PME# supported from D0 D3hot D3cold
[    0.601848] pci 0000:00:17.2: [15ad:07a0] type 01 class 0x060400
[    0.602656] pci 0000:00:17.2: PME# supported from D0 D3hot D3cold
[    0.603164] pci 0000:00:17.3: [15ad:07a0] type 01 class 0x060400
[    0.604075] pci 0000:00:17.3: PME# supported from D0 D3hot D3cold
[    0.604844] pci 0000:00:17.4: [15ad:07a0] type 01 class 0x060400
[    0.605710] pci 0000:00:17.4: PME# supported from D0 D3hot D3cold
[    0.606303] pci 0000:00:17.5: [15ad:07a0] type 01 class 0x060400
[    0.607111] pci 0000:00:17.5: PME# supported from D0 D3hot D3cold
[    0.607609] pci 0000:00:17.6: [15ad:07a0] type 01 class 0x060400
[    0.608416] pci 0000:00:17.6: PME# supported from D0 D3hot D3cold
[    0.609055] pci 0000:00:17.7: [15ad:07a0] type 01 class 0x060400
[    0.609934] pci 0000:00:17.7: PME# supported from D0 D3hot D3cold
[    0.610457] pci 0000:00:18.0: [15ad:07a0] type 01 class 0x060400
[    0.611264] pci 0000:00:18.0: PME# supported from D0 D3hot D3cold
[    0.611837] pci 0000:00:18.1: [15ad:07a0] type 01 class 0x060400
[    0.612775] pci 0000:00:18.1: PME# supported from D0 D3hot D3cold
[    0.613297] pci 0000:00:18.2: [15ad:07a0] type 01 class 0x060400
[    0.614153] pci 0000:00:18.2: PME# supported from D0 D3hot D3cold
[    0.614829] pci 0000:00:18.3: [15ad:07a0] type 01 class 0x060400
[    0.616610] pci 0000:00:18.3: PME# supported from D0 D3hot D3cold
[    0.617120] pci 0000:00:18.4: [15ad:07a0] type 01 class 0x060400
[    0.617981] pci 0000:00:18.4: PME# supported from D0 D3hot D3cold
[    0.618495] pci 0000:00:18.5: [15ad:07a0] type 01 class 0x060400
[    0.619433] pci 0000:00:18.5: PME# supported from D0 D3hot D3cold
[    0.620083] pci 0000:00:18.6: [15ad:07a0] type 01 class 0x060400
[    0.621040] pci 0000:00:18.6: PME# supported from D0 D3hot D3cold
[    0.621716] pci 0000:00:18.7: [15ad:07a0] type 01 class 0x060400
[    0.622524] pci 0000:00:18.7: PME# supported from D0 D3hot D3cold
[    0.623037] pci_bus 0000:01: extended config space not accessible
[    0.623071] pci 0000:00:01.0: PCI bridge to [bus 01]
[    0.623275] pci_bus 0000:02: extended config space not accessible
[    0.623500] acpiphp: Slot [32] registered
[    0.623519] acpiphp: Slot [33] registered
[    0.623535] acpiphp: Slot [34] registered
[    0.623550] acpiphp: Slot [35] registered
[    0.623566] acpiphp: Slot [36] registered
[    0.623618] acpiphp: Slot [37] registered
[    0.623634] acpiphp: Slot [38] registered
[    0.623649] acpiphp: Slot [39] registered
[    0.623664] acpiphp: Slot [40] registered
[    0.623679] acpiphp: Slot [41] registered
[    0.623694] acpiphp: Slot [42] registered
[    0.623729] acpiphp: Slot [43] registered
[    0.623745] acpiphp: Slot [44] registered
[    0.623794] acpiphp: Slot [45] registered
[    0.623811] acpiphp: Slot [46] registered
[    0.623826] acpiphp: Slot [47] registered
[    0.623841] acpiphp: Slot [48] registered
[    0.623856] acpiphp: Slot [49] registered
[    0.623871] acpiphp: Slot [50] registered
[    0.623886] acpiphp: Slot [51] registered
[    0.623901] acpiphp: Slot [52] registered
[    0.623935] acpiphp: Slot [53] registered
[    0.623951] acpiphp: Slot [54] registered
[    0.623966] acpiphp: Slot [55] registered
[    0.623981] acpiphp: Slot [56] registered
[    0.623996] acpiphp: Slot [57] registered
[    0.624010] acpiphp: Slot [58] registered
[    0.624025] acpiphp: Slot [59] registered
[    0.624040] acpiphp: Slot [60] registered
[    0.624074] acpiphp: Slot [61] registered
[    0.624090] acpiphp: Slot [62] registered
[    0.624105] acpiphp: Slot [63] registered
[    0.624162] pci 0000:02:00.0: [15ad:0774] type 00 class 0x0c0300
[    0.626185] pci 0000:02:00.0: reg 0x20: [io  0x2080-0x209f]
[    0.627301] pci 0000:02:01.0: [8086:100f] type 00 class 0x020000
[    0.627839] pci 0000:02:01.0: reg 0x10: [mem 0xfd5c0000-0xfd5dffff 64bit]
[    0.628310] pci 0000:02:01.0: reg 0x18: [mem 0xfdff0000-0xfdffffff 64bit]
[    0.628744] pci 0000:02:01.0: reg 0x20: [io  0x2000-0x203f]
[    0.629630] pci 0000:02:01.0: reg 0x30: [mem 0x00000000-0x0000ffff pref]
[    0.629925] pci 0000:02:01.0: PME# supported from D0 D3hot D3cold
[    0.630414] pci 0000:02:02.0: [1274:1371] type 00 class 0x040100
[    0.630747] pci 0000:02:02.0: reg 0x10: [io  0x2040-0x207f]
[    0.632754] pci 0000:02:03.0: [15ad:0770] type 00 class 0x0c0320
[    0.633145] pci 0000:02:03.0: reg 0x10: [mem 0xfd5ef000-0xfd5effff]
[    0.635825] pci 0000:00:11.0: PCI bridge to [bus 02] (subtractive decode)
[    0.635846] pci 0000:00:11.0:   bridge window [io  0x2000-0x3fff]
[    0.635867] pci 0000:00:11.0:   bridge window [mem 0xfd500000-0xfdffffff]
[    0.635906] pci 0000:00:11.0:   bridge window [mem 0xe7b00000-0xe7ffffff 64bit pref]
[    0.635907] pci 0000:00:11.0:   bridge window [mem 0x000a0000-0x000bffff window] (subtractive decode)
[    0.635909] pci 0000:00:11.0:   bridge window [mem 0x000cc000-0x000dbfff window] (subtractive decode)
[    0.635910] pci 0000:00:11.0:   bridge window [mem 0xc0000000-0xfebfffff window] (subtractive decode)
[    0.635911] pci 0000:00:11.0:   bridge window [io  0x0000-0x0cf7 window] (subtractive decode)
[    0.635912] pci 0000:00:11.0:   bridge window [io  0x0d00-0xfeff window] (subtractive decode)
[    0.636229] pci 0000:00:15.0: PCI bridge to [bus 03]
[    0.636250] pci 0000:00:15.0:   bridge window [io  0x4000-0x4fff]
[    0.636271] pci 0000:00:15.0:   bridge window [mem 0xfd400000-0xfd4fffff]
[    0.636309] pci 0000:00:15.0:   bridge window [mem 0xe7a00000-0xe7afffff 64bit pref]
[    0.636631] pci 0000:00:15.1: PCI bridge to [bus 04]
[    0.636652] pci 0000:00:15.1:   bridge window [io  0x8000-0x8fff]
[    0.636672] pci 0000:00:15.1:   bridge window [mem 0xfd000000-0xfd0fffff]
[    0.636710] pci 0000:00:15.1:   bridge window [mem 0xe7600000-0xe76fffff 64bit pref]
[    0.636996] pci 0000:00:15.2: PCI bridge to [bus 05]
[    0.637017] pci 0000:00:15.2:   bridge window [io  0xc000-0xcfff]
[    0.637038] pci 0000:00:15.2:   bridge window [mem 0xfcc00000-0xfccfffff]
[    0.637076] pci 0000:00:15.2:   bridge window [mem 0xe7200000-0xe72fffff 64bit pref]
[    0.637387] pci 0000:00:15.3: PCI bridge to [bus 06]
[    0.637428] pci 0000:00:15.3:   bridge window [mem 0xfc800000-0xfc8fffff]
[    0.637467] pci 0000:00:15.3:   bridge window [mem 0xe6e00000-0xe6efffff 64bit pref]
[    0.637777] pci 0000:00:15.4: PCI bridge to [bus 07]
[    0.637816] pci 0000:00:15.4:   bridge window [mem 0xfc400000-0xfc4fffff]
[    0.637854] pci 0000:00:15.4:   bridge window [mem 0xe6a00000-0xe6afffff 64bit pref]
[    0.638164] pci 0000:00:15.5: PCI bridge to [bus 08]
[    0.638203] pci 0000:00:15.5:   bridge window [mem 0xfc000000-0xfc0fffff]
[    0.638242] pci 0000:00:15.5:   bridge window [mem 0xe6600000-0xe66fffff 64bit pref]
[    0.638557] pci 0000:00:15.6: PCI bridge to [bus 09]
[    0.638596] pci 0000:00:15.6:   bridge window [mem 0xfbc00000-0xfbcfffff]
[    0.638635] pci 0000:00:15.6:   bridge window [mem 0xe6200000-0xe62fffff 64bit pref]
[    0.638964] pci 0000:00:15.7: PCI bridge to [bus 0a]
[    0.639003] pci 0000:00:15.7:   bridge window [mem 0xfb800000-0xfb8fffff]
[    0.639041] pci 0000:00:15.7:   bridge window [mem 0xe5e00000-0xe5efffff 64bit pref]
[    0.639350] pci 0000:00:16.0: PCI bridge to [bus 0b]
[    0.639371] pci 0000:00:16.0:   bridge window [io  0x5000-0x5fff]
[    0.639392] pci 0000:00:16.0:   bridge window [mem 0xfd300000-0xfd3fffff]
[    0.639431] pci 0000:00:16.0:   bridge window [mem 0xe7900000-0xe79fffff 64bit pref]
[    0.639870] pci 0000:00:16.1: PCI bridge to [bus 0c]
[    0.639890] pci 0000:00:16.1:   bridge window [io  0x9000-0x9fff]
[    0.639910] pci 0000:00:16.1:   bridge window [mem 0xfcf00000-0xfcffffff]
[    0.639947] pci 0000:00:16.1:   bridge window [mem 0xe7500000-0xe75fffff 64bit pref]
[    0.640267] pci 0000:00:16.2: PCI bridge to [bus 0d]
[    0.640287] pci 0000:00:16.2:   bridge window [io  0xd000-0xdfff]
[    0.640307] pci 0000:00:16.2:   bridge window [mem 0xfcb00000-0xfcbfffff]
[    0.640344] pci 0000:00:16.2:   bridge window [mem 0xe7100000-0xe71fffff 64bit pref]
[    0.640701] pci 0000:00:16.3: PCI bridge to [bus 0e]
[    0.640739] pci 0000:00:16.3:   bridge window [mem 0xfc700000-0xfc7fffff]
[    0.640776] pci 0000:00:16.3:   bridge window [mem 0xe6d00000-0xe6dfffff 64bit pref]
[    0.641098] pci 0000:00:16.4: PCI bridge to [bus 0f]
[    0.641136] pci 0000:00:16.4:   bridge window [mem 0xfc300000-0xfc3fffff]
[    0.641173] pci 0000:00:16.4:   bridge window [mem 0xe6900000-0xe69fffff 64bit pref]
[    0.641508] pci 0000:00:16.5: PCI bridge to [bus 10]
[    0.641548] pci 0000:00:16.5:   bridge window [mem 0xfbf00000-0xfbffffff]
[    0.641585] pci 0000:00:16.5:   bridge window [mem 0xe6500000-0xe65fffff 64bit pref]
[    0.642060] pci 0000:00:16.6: PCI bridge to [bus 11]
[    0.642098] pci 0000:00:16.6:   bridge window [mem 0xfbb00000-0xfbbfffff]
[    0.642136] pci 0000:00:16.6:   bridge window [mem 0xe6100000-0xe61fffff 64bit pref]
[    0.642448] pci 0000:00:16.7: PCI bridge to [bus 12]
[    0.642486] pci 0000:00:16.7:   bridge window [mem 0xfb700000-0xfb7fffff]
[    0.642523] pci 0000:00:16.7:   bridge window [mem 0xe5d00000-0xe5dfffff 64bit pref]
[    0.642846] pci 0000:00:17.0: PCI bridge to [bus 13]
[    0.642866] pci 0000:00:17.0:   bridge window [io  0x6000-0x6fff]
[    0.642885] pci 0000:00:17.0:   bridge window [mem 0xfd200000-0xfd2fffff]
[    0.642923] pci 0000:00:17.0:   bridge window [mem 0xe7800000-0xe78fffff 64bit pref]
[    0.643203] pci 0000:00:17.1: PCI bridge to [bus 14]
[    0.643223] pci 0000:00:17.1:   bridge window [io  0xa000-0xafff]
[    0.643242] pci 0000:00:17.1:   bridge window [mem 0xfce00000-0xfcefffff]
[    0.643280] pci 0000:00:17.1:   bridge window [mem 0xe7400000-0xe74fffff 64bit pref]
[    0.643587] pci 0000:00:17.2: PCI bridge to [bus 15]
[    0.643607] pci 0000:00:17.2:   bridge window [io  0xe000-0xefff]
[    0.643626] pci 0000:00:17.2:   bridge window [mem 0xfca00000-0xfcafffff]
[    0.643664] pci 0000:00:17.2:   bridge window [mem 0xe7000000-0xe70fffff 64bit pref]
[    0.643966] pci 0000:00:17.3: PCI bridge to [bus 16]
[    0.644004] pci 0000:00:17.3:   bridge window [mem 0xfc600000-0xfc6fffff]
[    0.644041] pci 0000:00:17.3:   bridge window [mem 0xe6c00000-0xe6cfffff 64bit pref]
[    0.644357] pci 0000:00:17.4: PCI bridge to [bus 17]
[    0.644395] pci 0000:00:17.4:   bridge window [mem 0xfc200000-0xfc2fffff]
[    0.644439] pci 0000:00:17.4:   bridge window [mem 0xe6800000-0xe68fffff 64bit pref]
[    0.644743] pci 0000:00:17.5: PCI bridge to [bus 18]
[    0.644781] pci 0000:00:17.5:   bridge window [mem 0xfbe00000-0xfbefffff]
[    0.644818] pci 0000:00:17.5:   bridge window [mem 0xe6400000-0xe64fffff 64bit pref]
[    0.645133] pci 0000:00:17.6: PCI bridge to [bus 19]
[    0.645171] pci 0000:00:17.6:   bridge window [mem 0xfba00000-0xfbafffff]
[    0.645209] pci 0000:00:17.6:   bridge window [mem 0xe6000000-0xe60fffff 64bit pref]
[    0.645571] pci 0000:00:17.7: PCI bridge to [bus 1a]
[    0.645609] pci 0000:00:17.7:   bridge window [mem 0xfb600000-0xfb6fffff]
[    0.645647] pci 0000:00:17.7:   bridge window [mem 0xe5c00000-0xe5cfffff 64bit pref]
[    0.645927] pci 0000:00:18.0: PCI bridge to [bus 1b]
[    0.645946] pci 0000:00:18.0:   bridge window [io  0x7000-0x7fff]
[    0.645966] pci 0000:00:18.0:   bridge window [mem 0xfd100000-0xfd1fffff]
[    0.646003] pci 0000:00:18.0:   bridge window [mem 0xe7700000-0xe77fffff 64bit pref]
[    0.646467] pci 0000:00:18.1: PCI bridge to [bus 1c]
[    0.646487] pci 0000:00:18.1:   bridge window [io  0xb000-0xbfff]
[    0.646507] pci 0000:00:18.1:   bridge window [mem 0xfcd00000-0xfcdfffff]
[    0.646544] pci 0000:00:18.1:   bridge window [mem 0xe7300000-0xe73fffff 64bit pref]
[    0.646866] pci 0000:00:18.2: PCI bridge to [bus 1d]
[    0.646904] pci 0000:00:18.2:   bridge window [mem 0xfc900000-0xfc9fffff]
[    0.646941] pci 0000:00:18.2:   bridge window [mem 0xe6f00000-0xe6ffffff 64bit pref]
[    0.647222] pci 0000:00:18.3: PCI bridge to [bus 1e]
[    0.647260] pci 0000:00:18.3:   bridge window [mem 0xfc500000-0xfc5fffff]
[    0.647297] pci 0000:00:18.3:   bridge window [mem 0xe6b00000-0xe6bfffff 64bit pref]
[    0.647599] pci 0000:00:18.4: PCI bridge to [bus 1f]
[    0.647637] pci 0000:00:18.4:   bridge window [mem 0xfc100000-0xfc1fffff]
[    0.647675] pci 0000:00:18.4:   bridge window [mem 0xe6700000-0xe67fffff 64bit pref]
[    0.647990] pci 0000:00:18.5: PCI bridge to [bus 20]
[    0.648028] pci 0000:00:18.5:   bridge window [mem 0xfbd00000-0xfbdfffff]
[    0.648065] pci 0000:00:18.5:   bridge window [mem 0xe6300000-0xe63fffff 64bit pref]
[    0.648367] pci 0000:00:18.6: PCI bridge to [bus 21]
[    0.648405] pci 0000:00:18.6:   bridge window [mem 0xfb900000-0xfb9fffff]
[    0.648449] pci 0000:00:18.6:   bridge window [mem 0xe5f00000-0xe5ffffff 64bit pref]
[    0.648731] pci 0000:00:18.7: PCI bridge to [bus 22]
[    0.648769] pci 0000:00:18.7:   bridge window [mem 0xfb500000-0xfb5fffff]
[    0.648806] pci 0000:00:18.7:   bridge window [mem 0xe5b00000-0xe5bfffff 64bit pref]
[    0.651512] ACPI: PCI: Interrupt link LNKA configured for IRQ 9
[    0.651577] ACPI: PCI: Interrupt link LNKB configured for IRQ 11
[    0.651639] ACPI: PCI: Interrupt link LNKC configured for IRQ 10
[    0.651699] ACPI: PCI: Interrupt link LNKD configured for IRQ 5
[    0.661008] iommu: Default domain type: Translated
[    0.661009] iommu: DMA domain TLB invalidation policy: lazy mode
[    0.661361] pps_core: LinuxPPS API ver. 1 registered
[    0.661362] pps_core: Software ver. 5.3.6 - Copyright 2005-2007 Rodolfo Giometti <giometti@linux.it>
[    0.661364] PTP clock support registered
[    0.661373] EDAC MC: Ver: 3.0.0
[    0.662728] NetLabel: Initializing
[    0.662728] NetLabel:  domain hash size = 128
[    0.662728] NetLabel:  protocols = UNLABELED CIPSOv4 CALIPSO
[    0.662728] NetLabel:  unlabeled traffic allowed by default
[    0.662728] PCI: Using ACPI for IRQ routing
[    0.662728] PCI: pci_cache_line_size set to 64 bytes
[    0.663021] e820: reserve RAM buffer [mem 0x0009f400-0x0009ffff]
[    0.663023] e820: reserve RAM buffer [mem 0xbfee0000-0xbfffffff]
[    0.665224] pci 0000:00:0f.0: vgaarb: setting as boot VGA device
[    0.665224] pci 0000:00:0f.0: vgaarb: bridge control possible
[    0.665224] pci 0000:00:0f.0: vgaarb: VGA device added: decodes=io+mem,owns=io+mem,locks=none
[    0.665224] vgaarb: loaded
[    0.665224] hpet0: at MMIO 0xfed00000, IRQs 2, 8, 0, 0, 0, 0, 0, 0, 0, 0, 0, 0, 0, 0, 0, 0
[    0.665224] hpet0: 16 comparators, 64-bit 14.318180 MHz counter
[    0.668992] clocksource: Switched to clocksource tsc-early
[    0.678863] VFS: Disk quotas dquot_6.6.0
[    0.678911] VFS: Dquot-cache hash table entries: 512 (order 0, 4096 bytes)
[    0.679604] AppArmor: AppArmor Filesystem Enabled
[    0.679622] pnp: PnP ACPI init
[    0.679812] system 00:00: [io  0x1000-0x103f] has been reserved
[    0.679814] system 00:00: [io  0x1040-0x104f] has been reserved
[    0.679816] system 00:00: [io  0x0cf0-0x0cf1] has been reserved
[    0.680104] system 00:04: [mem 0xfed00000-0xfed003ff] has been reserved
[    0.681835] pnp 00:08: [dma 2]
[    0.682067] system 00:09: [io  0xfce0-0xfcff] has been reserved
[    0.682071] system 00:09: [mem 0xf0000000-0xf7ffffff] has been reserved
[    0.682073] system 00:09: [mem 0xfe800000-0xfe9fffff] has been reserved
[    0.685196] pnp: PnP ACPI: found 10 devices
[    0.698420] clocksource: acpi_pm: mask: 0xffffff max_cycles: 0xffffff, max_idle_ns: 2085701024 ns
[    0.698774] NET: Registered PF_INET protocol family
[    0.700968] IP idents hash table entries: 65536 (order: 7, 524288 bytes, linear)
[    0.702060] tcp_listen_portaddr_hash hash table entries: 2048 (order: 3, 32768 bytes, linear)
[    0.703126] Table-perturb hash table entries: 65536 (order: 6, 262144 bytes, linear)
[    0.704173] TCP established hash table entries: 32768 (order: 6, 262144 bytes, linear)
[    0.708407] TCP bind hash table entries: 32768 (order: 8, 1048576 bytes, linear)
[    0.708471] TCP: Hash tables configured (established 32768 bind 32768)
[    0.710079] MPTCP token hash table entries: 4096 (order: 4, 98304 bytes, linear)
[    0.710351] UDP hash table entries: 2048 (order: 4, 65536 bytes, linear)
[    0.710611] UDP-Lite hash table entries: 2048 (order: 4, 65536 bytes, linear)
[    0.711027] NET: Registered PF_UNIX/PF_LOCAL protocol family
[    0.711033] NET: Registered PF_XDP protocol family
[    0.711052] pci 0000:00:15.3: bridge window [io  0x1000-0x0fff] to [bus 06] add_size 1000
[    0.711055] pci 0000:00:15.4: bridge window [io  0x1000-0x0fff] to [bus 07] add_size 1000
[    0.711057] pci 0000:00:15.5: bridge window [io  0x1000-0x0fff] to [bus 08] add_size 1000
[    0.711058] pci 0000:00:15.6: bridge window [io  0x1000-0x0fff] to [bus 09] add_size 1000
[    0.711059] pci 0000:00:15.7: bridge window [io  0x1000-0x0fff] to [bus 0a] add_size 1000
[    0.711060] pci 0000:00:16.3: bridge window [io  0x1000-0x0fff] to [bus 0e] add_size 1000
[    0.711062] pci 0000:00:16.4: bridge window [io  0x1000-0x0fff] to [bus 0f] add_size 1000
[    0.711063] pci 0000:00:16.5: bridge window [io  0x1000-0x0fff] to [bus 10] add_size 1000
[    0.711064] pci 0000:00:16.6: bridge window [io  0x1000-0x0fff] to [bus 11] add_size 1000
[    0.711065] pci 0000:00:16.7: bridge window [io  0x1000-0x0fff] to [bus 12] add_size 1000
[    0.711067] pci 0000:00:17.3: bridge window [io  0x1000-0x0fff] to [bus 16] add_size 1000
[    0.711068] pci 0000:00:17.4: bridge window [io  0x1000-0x0fff] to [bus 17] add_size 1000
[    0.711069] pci 0000:00:17.5: bridge window [io  0x1000-0x0fff] to [bus 18] add_size 1000
[    0.711070] pci 0000:00:17.6: bridge window [io  0x1000-0x0fff] to [bus 19] add_size 1000
[    0.711071] pci 0000:00:17.7: bridge window [io  0x1000-0x0fff] to [bus 1a] add_size 1000
[    0.711072] pci 0000:00:18.2: bridge window [io  0x1000-0x0fff] to [bus 1d] add_size 1000
[    0.711073] pci 0000:00:18.3: bridge window [io  0x1000-0x0fff] to [bus 1e] add_size 1000
[    0.711075] pci 0000:00:18.4: bridge window [io  0x1000-0x0fff] to [bus 1f] add_size 1000
[    0.711076] pci 0000:00:18.5: bridge window [io  0x1000-0x0fff] to [bus 20] add_size 1000
[    0.711077] pci 0000:00:18.6: bridge window [io  0x1000-0x0fff] to [bus 21] add_size 1000
[    0.711078] pci 0000:00:18.7: bridge window [io  0x1000-0x0fff] to [bus 22] add_size 1000
[    0.711095] pci 0000:00:10.0: BAR 6: assigned [mem 0xc0000000-0xc0003fff pref]
[    0.711099] pci 0000:00:15.3: BAR 13: no space for [io  size 0x1000]
[    0.711101] pci 0000:00:15.3: BAR 13: failed to assign [io  size 0x1000]
[    0.711102] pci 0000:00:15.4: BAR 13: no space for [io  size 0x1000]
[    0.711103] pci 0000:00:15.4: BAR 13: failed to assign [io  size 0x1000]
[    0.711104] pci 0000:00:15.5: BAR 13: no space for [io  size 0x1000]
[    0.711105] pci 0000:00:15.5: BAR 13: failed to assign [io  size 0x1000]
[    0.711131] pci 0000:00:15.6: BAR 13: no space for [io  size 0x1000]
[    0.711132] pci 0000:00:15.6: BAR 13: failed to assign [io  size 0x1000]
[    0.711134] pci 0000:00:15.7: BAR 13: no space for [io  size 0x1000]
[    0.711134] pci 0000:00:15.7: BAR 13: failed to assign [io  size 0x1000]
[    0.711136] pci 0000:00:16.3: BAR 13: no space for [io  size 0x1000]
[    0.711136] pci 0000:00:16.3: BAR 13: failed to assign [io  size 0x1000]
[    0.711138] pci 0000:00:16.4: BAR 13: no space for [io  size 0x1000]
[    0.711138] pci 0000:00:16.4: BAR 13: failed to assign [io  size 0x1000]
[    0.711140] pci 0000:00:16.5: BAR 13: no space for [io  size 0x1000]
[    0.711140] pci 0000:00:16.5: BAR 13: failed to assign [io  size 0x1000]
[    0.711142] pci 0000:00:16.6: BAR 13: no space for [io  size 0x1000]
[    0.711142] pci 0000:00:16.6: BAR 13: failed to assign [io  size 0x1000]
[    0.711144] pci 0000:00:16.7: BAR 13: no space for [io  size 0x1000]
[    0.711144] pci 0000:00:16.7: BAR 13: failed to assign [io  size 0x1000]
[    0.711146] pci 0000:00:17.3: BAR 13: no space for [io  size 0x1000]
[    0.711146] pci 0000:00:17.3: BAR 13: failed to assign [io  size 0x1000]
[    0.711148] pci 0000:00:17.4: BAR 13: no space for [io  size 0x1000]
[    0.711148] pci 0000:00:17.4: BAR 13: failed to assign [io  size 0x1000]
[    0.711150] pci 0000:00:17.5: BAR 13: no space for [io  size 0x1000]
[    0.711151] pci 0000:00:17.5: BAR 13: failed to assign [io  size 0x1000]
[    0.711152] pci 0000:00:17.6: BAR 13: no space for [io  size 0x1000]
[    0.711153] pci 0000:00:17.6: BAR 13: failed to assign [io  size 0x1000]
[    0.711154] pci 0000:00:17.7: BAR 13: no space for [io  size 0x1000]
[    0.711155] pci 0000:00:17.7: BAR 13: failed to assign [io  size 0x1000]
[    0.711156] pci 0000:00:18.2: BAR 13: no space for [io  size 0x1000]
[    0.711157] pci 0000:00:18.2: BAR 13: failed to assign [io  size 0x1000]
[    0.711158] pci 0000:00:18.3: BAR 13: no space for [io  size 0x1000]
[    0.711159] pci 0000:00:18.3: BAR 13: failed to assign [io  size 0x1000]
[    0.711160] pci 0000:00:18.4: BAR 13: no space for [io  size 0x1000]
[    0.711161] pci 0000:00:18.4: BAR 13: failed to assign [io  size 0x1000]
[    0.711162] pci 0000:00:18.5: BAR 13: no space for [io  size 0x1000]
[    0.711163] pci 0000:00:18.5: BAR 13: failed to assign [io  size 0x1000]
[    0.711164] pci 0000:00:18.6: BAR 13: no space for [io  size 0x1000]
[    0.711165] pci 0000:00:18.6: BAR 13: failed to assign [io  size 0x1000]
[    0.711166] pci 0000:00:18.7: BAR 13: no space for [io  size 0x1000]
[    0.711167] pci 0000:00:18.7: BAR 13: failed to assign [io  size 0x1000]
[    0.711171] pci 0000:00:18.7: BAR 13: no space for [io  size 0x1000]
[    0.711171] pci 0000:00:18.7: BAR 13: failed to assign [io  size 0x1000]
[    0.711173] pci 0000:00:18.6: BAR 13: no space for [io  size 0x1000]
[    0.711173] pci 0000:00:18.6: BAR 13: failed to assign [io  size 0x1000]
[    0.711175] pci 0000:00:18.5: BAR 13: no space for [io  size 0x1000]
[    0.711175] pci 0000:00:18.5: BAR 13: failed to assign [io  size 0x1000]
[    0.711177] pci 0000:00:18.4: BAR 13: no space for [io  size 0x1000]
[    0.711177] pci 0000:00:18.4: BAR 13: failed to assign [io  size 0x1000]
[    0.711179] pci 0000:00:18.3: BAR 13: no space for [io  size 0x1000]
[    0.711179] pci 0000:00:18.3: BAR 13: failed to assign [io  size 0x1000]
[    0.711181] pci 0000:00:18.2: BAR 13: no space for [io  size 0x1000]
[    0.711181] pci 0000:00:18.2: BAR 13: failed to assign [io  size 0x1000]
[    0.711183] pci 0000:00:17.7: BAR 13: no space for [io  size 0x1000]
[    0.711183] pci 0000:00:17.7: BAR 13: failed to assign [io  size 0x1000]
[    0.711184] pci 0000:00:17.6: BAR 13: no space for [io  size 0x1000]
[    0.711185] pci 0000:00:17.6: BAR 13: failed to assign [io  size 0x1000]
[    0.711186] pci 0000:00:17.5: BAR 13: no space for [io  size 0x1000]
[    0.711187] pci 0000:00:17.5: BAR 13: failed to assign [io  size 0x1000]
[    0.711188] pci 0000:00:17.4: BAR 13: no space for [io  size 0x1000]
[    0.711189] pci 0000:00:17.4: BAR 13: failed to assign [io  size 0x1000]
[    0.711190] pci 0000:00:17.3: BAR 13: no space for [io  size 0x1000]
[    0.711191] pci 0000:00:17.3: BAR 13: failed to assign [io  size 0x1000]
[    0.711192] pci 0000:00:16.7: BAR 13: no space for [io  size 0x1000]
[    0.711193] pci 0000:00:16.7: BAR 13: failed to assign [io  size 0x1000]
[    0.711194] pci 0000:00:16.6: BAR 13: no space for [io  size 0x1000]
[    0.711195] pci 0000:00:16.6: BAR 13: failed to assign [io  size 0x1000]
[    0.711196] pci 0000:00:16.5: BAR 13: no space for [io  size 0x1000]
[    0.711197] pci 0000:00:16.5: BAR 13: failed to assign [io  size 0x1000]
[    0.711198] pci 0000:00:16.4: BAR 13: no space for [io  size 0x1000]
[    0.711199] pci 0000:00:16.4: BAR 13: failed to assign [io  size 0x1000]
[    0.711200] pci 0000:00:16.3: BAR 13: no space for [io  size 0x1000]
[    0.711201] pci 0000:00:16.3: BAR 13: failed to assign [io  size 0x1000]
[    0.711202] pci 0000:00:15.7: BAR 13: no space for [io  size 0x1000]
[    0.711203] pci 0000:00:15.7: BAR 13: failed to assign [io  size 0x1000]
[    0.711204] pci 0000:00:15.6: BAR 13: no space for [io  size 0x1000]
[    0.711205] pci 0000:00:15.6: BAR 13: failed to assign [io  size 0x1000]
[    0.711206] pci 0000:00:15.5: BAR 13: no space for [io  size 0x1000]
[    0.711207] pci 0000:00:15.5: BAR 13: failed to assign [io  size 0x1000]
[    0.711208] pci 0000:00:15.4: BAR 13: no space for [io  size 0x1000]
[    0.711209] pci 0000:00:15.4: BAR 13: failed to assign [io  size 0x1000]
[    0.711210] pci 0000:00:15.3: BAR 13: no space for [io  size 0x1000]
[    0.711211] pci 0000:00:15.3: BAR 13: failed to assign [io  size 0x1000]
[    0.711213] pci 0000:00:01.0: PCI bridge to [bus 01]
[    0.711311] pci 0000:02:01.0: BAR 6: assigned [mem 0xfd500000-0xfd50ffff pref]
[    0.711312] pci 0000:00:11.0: PCI bridge to [bus 02]
[    0.711324] pci 0000:00:11.0:   bridge window [io  0x2000-0x3fff]
[    0.711355] pci 0000:00:11.0:   bridge window [mem 0xfd500000-0xfdffffff]
[    0.711375] pci 0000:00:11.0:   bridge window [mem 0xe7b00000-0xe7ffffff 64bit pref]
[    0.711414] pci 0000:00:15.0: PCI bridge to [bus 03]
[    0.711425] pci 0000:00:15.0:   bridge window [io  0x4000-0x4fff]
[    0.711454] pci 0000:00:15.0:   bridge window [mem 0xfd400000-0xfd4fffff]
[    0.711474] pci 0000:00:15.0:   bridge window [mem 0xe7a00000-0xe7afffff 64bit pref]
[    0.711542] pci 0000:00:15.1: PCI bridge to [bus 04]
[    0.711554] pci 0000:00:15.1:   bridge window [io  0x8000-0x8fff]
[    0.711583] pci 0000:00:15.1:   bridge window [mem 0xfd000000-0xfd0fffff]
[    0.711603] pci 0000:00:15.1:   bridge window [mem 0xe7600000-0xe76fffff 64bit pref]
[    0.711653] pci 0000:00:15.2: PCI bridge to [bus 05]
[    0.711665] pci 0000:00:15.2:   bridge window [io  0xc000-0xcfff]
[    0.711694] pci 0000:00:15.2:   bridge window [mem 0xfcc00000-0xfccfffff]
[    0.711714] pci 0000:00:15.2:   bridge window [mem 0xe7200000-0xe72fffff 64bit pref]
[    0.711764] pci 0000:00:15.3: PCI bridge to [bus 06]
[    0.711800] pci 0000:00:15.3:   bridge window [mem 0xfc800000-0xfc8fffff]
[    0.711820] pci 0000:00:15.3:   bridge window [mem 0xe6e00000-0xe6efffff 64bit pref]
[    0.711870] pci 0000:00:15.4: PCI bridge to [bus 07]
[    0.711899] pci 0000:00:15.4:   bridge window [mem 0xfc400000-0xfc4fffff]
[    0.711919] pci 0000:00:15.4:   bridge window [mem 0xe6a00000-0xe6afffff 64bit pref]
[    0.711968] pci 0000:00:15.5: PCI bridge to [bus 08]
[    0.711998] pci 0000:00:15.5:   bridge window [mem 0xfc000000-0xfc0fffff]
[    0.712018] pci 0000:00:15.5:   bridge window [mem 0xe6600000-0xe66fffff 64bit pref]
[    0.712067] pci 0000:00:15.6: PCI bridge to [bus 09]
[    0.712097] pci 0000:00:15.6:   bridge window [mem 0xfbc00000-0xfbcfffff]
[    0.712117] pci 0000:00:15.6:   bridge window [mem 0xe6200000-0xe62fffff 64bit pref]
[    0.712166] pci 0000:00:15.7: PCI bridge to [bus 0a]
[    0.712196] pci 0000:00:15.7:   bridge window [mem 0xfb800000-0xfb8fffff]
[    0.712216] pci 0000:00:15.7:   bridge window [mem 0xe5e00000-0xe5efffff 64bit pref]
[    0.712264] pci 0000:00:16.0: PCI bridge to [bus 0b]
[    0.712276] pci 0000:00:16.0:   bridge window [io  0x5000-0x5fff]
[    0.712305] pci 0000:00:16.0:   bridge window [mem 0xfd300000-0xfd3fffff]
[    0.712325] pci 0000:00:16.0:   bridge window [mem 0xe7900000-0xe79fffff 64bit pref]
[    0.712374] pci 0000:00:16.1: PCI bridge to [bus 0c]
[    0.712385] pci 0000:00:16.1:   bridge window [io  0x9000-0x9fff]
[    0.712415] pci 0000:00:16.1:   bridge window [mem 0xfcf00000-0xfcffffff]
[    0.712434] pci 0000:00:16.1:   bridge window [mem 0xe7500000-0xe75fffff 64bit pref]
[    0.712483] pci 0000:00:16.2: PCI bridge to [bus 0d]
[    0.712495] pci 0000:00:16.2:   bridge window [io  0xd000-0xdfff]
[    0.712524] pci 0000:00:16.2:   bridge window [mem 0xfcb00000-0xfcbfffff]
[    0.712544] pci 0000:00:16.2:   bridge window [mem 0xe7100000-0xe71fffff 64bit pref]
[    0.712593] pci 0000:00:16.3: PCI bridge to [bus 0e]
[    0.712623] pci 0000:00:16.3:   bridge window [mem 0xfc700000-0xfc7fffff]
[    0.712642] pci 0000:00:16.3:   bridge window [mem 0xe6d00000-0xe6dfffff 64bit pref]
[    0.712696] pci 0000:00:16.4: PCI bridge to [bus 0f]
[    0.712726] pci 0000:00:16.4:   bridge window [mem 0xfc300000-0xfc3fffff]
[    0.712746] pci 0000:00:16.4:   bridge window [mem 0xe6900000-0xe69fffff 64bit pref]
[    0.712797] pci 0000:00:16.5: PCI bridge to [bus 10]
[    0.712827] pci 0000:00:16.5:   bridge window [mem 0xfbf00000-0xfbffffff]
[    0.712846] pci 0000:00:16.5:   bridge window [mem 0xe6500000-0xe65fffff 64bit pref]
[    0.712895] pci 0000:00:16.6: PCI bridge to [bus 11]
[    0.712925] pci 0000:00:16.6:   bridge window [mem 0xfbb00000-0xfbbfffff]
[    0.712945] pci 0000:00:16.6:   bridge window [mem 0xe6100000-0xe61fffff 64bit pref]
[    0.712994] pci 0000:00:16.7: PCI bridge to [bus 12]
[    0.713024] pci 0000:00:16.7:   bridge window [mem 0xfb700000-0xfb7fffff]
[    0.713043] pci 0000:00:16.7:   bridge window [mem 0xe5d00000-0xe5dfffff 64bit pref]
[    0.713092] pci 0000:00:17.0: PCI bridge to [bus 13]
[    0.713104] pci 0000:00:17.0:   bridge window [io  0x6000-0x6fff]
[    0.713133] pci 0000:00:17.0:   bridge window [mem 0xfd200000-0xfd2fffff]
[    0.713153] pci 0000:00:17.0:   bridge window [mem 0xe7800000-0xe78fffff 64bit pref]
[    0.713202] pci 0000:00:17.1: PCI bridge to [bus 14]
[    0.713213] pci 0000:00:17.1:   bridge window [io  0xa000-0xafff]
[    0.713242] pci 0000:00:17.1:   bridge window [mem 0xfce00000-0xfcefffff]
[    0.713262] pci 0000:00:17.1:   bridge window [mem 0xe7400000-0xe74fffff 64bit pref]
[    0.713311] pci 0000:00:17.2: PCI bridge to [bus 15]
[    0.713323] pci 0000:00:17.2:   bridge window [io  0xe000-0xefff]
[    0.713352] pci 0000:00:17.2:   bridge window [mem 0xfca00000-0xfcafffff]
[    0.713372] pci 0000:00:17.2:   bridge window [mem 0xe7000000-0xe70fffff 64bit pref]
[    0.713421] pci 0000:00:17.3: PCI bridge to [bus 16]
[    0.713451] pci 0000:00:17.3:   bridge window [mem 0xfc600000-0xfc6fffff]
[    0.713470] pci 0000:00:17.3:   bridge window [mem 0xe6c00000-0xe6cfffff 64bit pref]
[    0.713519] pci 0000:00:17.4: PCI bridge to [bus 17]
[    0.713549] pci 0000:00:17.4:   bridge window [mem 0xfc200000-0xfc2fffff]
[    0.713569] pci 0000:00:17.4:   bridge window [mem 0xe6800000-0xe68fffff 64bit pref]
[    0.713618] pci 0000:00:17.5: PCI bridge to [bus 18]
[    0.713647] pci 0000:00:17.5:   bridge window [mem 0xfbe00000-0xfbefffff]
[    0.713667] pci 0000:00:17.5:   bridge window [mem 0xe6400000-0xe64fffff 64bit pref]
[    0.713716] pci 0000:00:17.6: PCI bridge to [bus 19]
[    0.713746] pci 0000:00:17.6:   bridge window [mem 0xfba00000-0xfbafffff]
[    0.713766] pci 0000:00:17.6:   bridge window [mem 0xe6000000-0xe60fffff 64bit pref]
[    0.713822] pci 0000:00:17.7: PCI bridge to [bus 1a]
[    0.713852] pci 0000:00:17.7:   bridge window [mem 0xfb600000-0xfb6fffff]
[    0.713872] pci 0000:00:17.7:   bridge window [mem 0xe5c00000-0xe5cfffff 64bit pref]
[    0.713921] pci 0000:00:18.0: PCI bridge to [bus 1b]
[    0.713932] pci 0000:00:18.0:   bridge window [io  0x7000-0x7fff]
[    0.713962] pci 0000:00:18.0:   bridge window [mem 0xfd100000-0xfd1fffff]
[    0.713981] pci 0000:00:18.0:   bridge window [mem 0xe7700000-0xe77fffff 64bit pref]
[    0.714030] pci 0000:00:18.1: PCI bridge to [bus 1c]
[    0.714042] pci 0000:00:18.1:   bridge window [io  0xb000-0xbfff]
[    0.714071] pci 0000:00:18.1:   bridge window [mem 0xfcd00000-0xfcdfffff]
[    0.714090] pci 0000:00:18.1:   bridge window [mem 0xe7300000-0xe73fffff 64bit pref]
[    0.714140] pci 0000:00:18.2: PCI bridge to [bus 1d]
[    0.714169] pci 0000:00:18.2:   bridge window [mem 0xfc900000-0xfc9fffff]
[    0.714189] pci 0000:00:18.2:   bridge window [mem 0xe6f00000-0xe6ffffff 64bit pref]
[    0.714238] pci 0000:00:18.3: PCI bridge to [bus 1e]
[    0.714268] pci 0000:00:18.3:   bridge window [mem 0xfc500000-0xfc5fffff]
[    0.714287] pci 0000:00:18.3:   bridge window [mem 0xe6b00000-0xe6bfffff 64bit pref]
[    0.714336] pci 0000:00:18.4: PCI bridge to [bus 1f]
[    0.714366] pci 0000:00:18.4:   bridge window [mem 0xfc100000-0xfc1fffff]
[    0.714386] pci 0000:00:18.4:   bridge window [mem 0xe6700000-0xe67fffff 64bit pref]
[    0.714435] pci 0000:00:18.5: PCI bridge to [bus 20]
[    0.714465] pci 0000:00:18.5:   bridge window [mem 0xfbd00000-0xfbdfffff]
[    0.714484] pci 0000:00:18.5:   bridge window [mem 0xe6300000-0xe63fffff 64bit pref]
[    0.714533] pci 0000:00:18.6: PCI bridge to [bus 21]
[    0.714572] pci 0000:00:18.6:   bridge window [mem 0xfb900000-0xfb9fffff]
[    0.714592] pci 0000:00:18.6:   bridge window [mem 0xe5f00000-0xe5ffffff 64bit pref]
[    0.714641] pci 0000:00:18.7: PCI bridge to [bus 22]
[    0.714671] pci 0000:00:18.7:   bridge window [mem 0xfb500000-0xfb5fffff]
[    0.714691] pci 0000:00:18.7:   bridge window [mem 0xe5b00000-0xe5bfffff 64bit pref]
[    0.714741] pci_bus 0000:00: resource 4 [mem 0x000a0000-0x000bffff window]
[    0.714743] pci_bus 0000:00: resource 5 [mem 0x000cc000-0x000dbfff window]
[    0.714744] pci_bus 0000:00: resource 6 [mem 0xc0000000-0xfebfffff window]
[    0.714744] pci_bus 0000:00: resource 7 [io  0x0000-0x0cf7 window]
[    0.714745] pci_bus 0000:00: resource 8 [io  0x0d00-0xfeff window]
[    0.714747] pci_bus 0000:02: resource 0 [io  0x2000-0x3fff]
[    0.714747] pci_bus 0000:02: resource 1 [mem 0xfd500000-0xfdffffff]
[    0.714748] pci_bus 0000:02: resource 2 [mem 0xe7b00000-0xe7ffffff 64bit pref]
[    0.714749] pci_bus 0000:02: resource 4 [mem 0x000a0000-0x000bffff window]
[    0.714750] pci_bus 0000:02: resource 5 [mem 0x000cc000-0x000dbfff window]
[    0.714751] pci_bus 0000:02: resource 6 [mem 0xc0000000-0xfebfffff window]
[    0.714751] pci_bus 0000:02: resource 7 [io  0x0000-0x0cf7 window]
[    0.714752] pci_bus 0000:02: resource 8 [io  0x0d00-0xfeff window]
[    0.714753] pci_bus 0000:03: resource 0 [io  0x4000-0x4fff]
[    0.714754] pci_bus 0000:03: resource 1 [mem 0xfd400000-0xfd4fffff]
[    0.714755] pci_bus 0000:03: resource 2 [mem 0xe7a00000-0xe7afffff 64bit pref]
[    0.714756] pci_bus 0000:04: resource 0 [io  0x8000-0x8fff]
[    0.714756] pci_bus 0000:04: resource 1 [mem 0xfd000000-0xfd0fffff]
[    0.714757] pci_bus 0000:04: resource 2 [mem 0xe7600000-0xe76fffff 64bit pref]
[    0.714758] pci_bus 0000:05: resource 0 [io  0xc000-0xcfff]
[    0.714759] pci_bus 0000:05: resource 1 [mem 0xfcc00000-0xfccfffff]
[    0.714760] pci_bus 0000:05: resource 2 [mem 0xe7200000-0xe72fffff 64bit pref]
[    0.714760] pci_bus 0000:06: resource 1 [mem 0xfc800000-0xfc8fffff]
[    0.714761] pci_bus 0000:06: resource 2 [mem 0xe6e00000-0xe6efffff 64bit pref]
[    0.714762] pci_bus 0000:07: resource 1 [mem 0xfc400000-0xfc4fffff]
[    0.714763] pci_bus 0000:07: resource 2 [mem 0xe6a00000-0xe6afffff 64bit pref]
[    0.714764] pci_bus 0000:08: resource 1 [mem 0xfc000000-0xfc0fffff]
[    0.714765] pci_bus 0000:08: resource 2 [mem 0xe6600000-0xe66fffff 64bit pref]
[    0.714766] pci_bus 0000:09: resource 1 [mem 0xfbc00000-0xfbcfffff]
[    0.714766] pci_bus 0000:09: resource 2 [mem 0xe6200000-0xe62fffff 64bit pref]
[    0.714767] pci_bus 0000:0a: resource 1 [mem 0xfb800000-0xfb8fffff]
[    0.714768] pci_bus 0000:0a: resource 2 [mem 0xe5e00000-0xe5efffff 64bit pref]
[    0.714769] pci_bus 0000:0b: resource 0 [io  0x5000-0x5fff]
[    0.714770] pci_bus 0000:0b: resource 1 [mem 0xfd300000-0xfd3fffff]
[    0.714770] pci_bus 0000:0b: resource 2 [mem 0xe7900000-0xe79fffff 64bit pref]
[    0.714771] pci_bus 0000:0c: resource 0 [io  0x9000-0x9fff]
[    0.714772] pci_bus 0000:0c: resource 1 [mem 0xfcf00000-0xfcffffff]
[    0.714773] pci_bus 0000:0c: resource 2 [mem 0xe7500000-0xe75fffff 64bit pref]
[    0.714774] pci_bus 0000:0d: resource 0 [io  0xd000-0xdfff]
[    0.714774] pci_bus 0000:0d: resource 1 [mem 0xfcb00000-0xfcbfffff]
[    0.714775] pci_bus 0000:0d: resource 2 [mem 0xe7100000-0xe71fffff 64bit pref]
[    0.714776] pci_bus 0000:0e: resource 1 [mem 0xfc700000-0xfc7fffff]
[    0.714777] pci_bus 0000:0e: resource 2 [mem 0xe6d00000-0xe6dfffff 64bit pref]
[    0.714778] pci_bus 0000:0f: resource 1 [mem 0xfc300000-0xfc3fffff]
[    0.714779] pci_bus 0000:0f: resource 2 [mem 0xe6900000-0xe69fffff 64bit pref]
[    0.714780] pci_bus 0000:10: resource 1 [mem 0xfbf00000-0xfbffffff]
[    0.714780] pci_bus 0000:10: resource 2 [mem 0xe6500000-0xe65fffff 64bit pref]
[    0.714781] pci_bus 0000:11: resource 1 [mem 0xfbb00000-0xfbbfffff]
[    0.714782] pci_bus 0000:11: resource 2 [mem 0xe6100000-0xe61fffff 64bit pref]
[    0.714783] pci_bus 0000:12: resource 1 [mem 0xfb700000-0xfb7fffff]
[    0.714792] pci_bus 0000:12: resource 2 [mem 0xe5d00000-0xe5dfffff 64bit pref]
[    0.714793] pci_bus 0000:13: resource 0 [io  0x6000-0x6fff]
[    0.714794] pci_bus 0000:13: resource 1 [mem 0xfd200000-0xfd2fffff]
[    0.714795] pci_bus 0000:13: resource 2 [mem 0xe7800000-0xe78fffff 64bit pref]
[    0.714796] pci_bus 0000:14: resource 0 [io  0xa000-0xafff]
[    0.714796] pci_bus 0000:14: resource 1 [mem 0xfce00000-0xfcefffff]
[    0.714797] pci_bus 0000:14: resource 2 [mem 0xe7400000-0xe74fffff 64bit pref]
[    0.714798] pci_bus 0000:15: resource 0 [io  0xe000-0xefff]
[    0.714799] pci_bus 0000:15: resource 1 [mem 0xfca00000-0xfcafffff]
[    0.714800] pci_bus 0000:15: resource 2 [mem 0xe7000000-0xe70fffff 64bit pref]
[    0.714800] pci_bus 0000:16: resource 1 [mem 0xfc600000-0xfc6fffff]
[    0.714801] pci_bus 0000:16: resource 2 [mem 0xe6c00000-0xe6cfffff 64bit pref]
[    0.714802] pci_bus 0000:17: resource 1 [mem 0xfc200000-0xfc2fffff]
[    0.714803] pci_bus 0000:17: resource 2 [mem 0xe6800000-0xe68fffff 64bit pref]
[    0.714804] pci_bus 0000:18: resource 1 [mem 0xfbe00000-0xfbefffff]
[    0.714804] pci_bus 0000:18: resource 2 [mem 0xe6400000-0xe64fffff 64bit pref]
[    0.714805] pci_bus 0000:19: resource 1 [mem 0xfba00000-0xfbafffff]
[    0.714806] pci_bus 0000:19: resource 2 [mem 0xe6000000-0xe60fffff 64bit pref]
[    0.714807] pci_bus 0000:1a: resource 1 [mem 0xfb600000-0xfb6fffff]
[    0.714808] pci_bus 0000:1a: resource 2 [mem 0xe5c00000-0xe5cfffff 64bit pref]
[    0.714809] pci_bus 0000:1b: resource 0 [io  0x7000-0x7fff]
[    0.714809] pci_bus 0000:1b: resource 1 [mem 0xfd100000-0xfd1fffff]
[    0.714810] pci_bus 0000:1b: resource 2 [mem 0xe7700000-0xe77fffff 64bit pref]
[    0.714811] pci_bus 0000:1c: resource 0 [io  0xb000-0xbfff]
[    0.714812] pci_bus 0000:1c: resource 1 [mem 0xfcd00000-0xfcdfffff]
[    0.714813] pci_bus 0000:1c: resource 2 [mem 0xe7300000-0xe73fffff 64bit pref]
[    0.714813] pci_bus 0000:1d: resource 1 [mem 0xfc900000-0xfc9fffff]
[    0.714814] pci_bus 0000:1d: resource 2 [mem 0xe6f00000-0xe6ffffff 64bit pref]
[    0.714815] pci_bus 0000:1e: resource 1 [mem 0xfc500000-0xfc5fffff]
[    0.714816] pci_bus 0000:1e: resource 2 [mem 0xe6b00000-0xe6bfffff 64bit pref]
[    0.714817] pci_bus 0000:1f: resource 1 [mem 0xfc100000-0xfc1fffff]
[    0.714818] pci_bus 0000:1f: resource 2 [mem 0xe6700000-0xe67fffff 64bit pref]
[    0.714818] pci_bus 0000:20: resource 1 [mem 0xfbd00000-0xfbdfffff]
[    0.714819] pci_bus 0000:20: resource 2 [mem 0xe6300000-0xe63fffff 64bit pref]
[    0.714820] pci_bus 0000:21: resource 1 [mem 0xfb900000-0xfb9fffff]
[    0.714821] pci_bus 0000:21: resource 2 [mem 0xe5f00000-0xe5ffffff 64bit pref]
[    0.714822] pci_bus 0000:22: resource 1 [mem 0xfb500000-0xfb5fffff]
[    0.714822] pci_bus 0000:22: resource 2 [mem 0xe5b00000-0xe5bfffff 64bit pref]
[    0.714943] pci 0000:00:00.0: Limiting direct PCI/PCI transfers
[    0.716181] pci 0000:02:01.0: CLS mismatch (32 != 64), using 64 bytes
[    0.716580] PCI-DMA: Using software bounce buffering for IO (SWIOTLB)
[    0.716582] software IO TLB: mapped [mem 0x00000000bbee0000-0x00000000bfee0000] (64MB)
[    0.716607] clocksource: tsc: mask: 0xffffffffffffffff max_cycles: 0x2135fabfc56, max_idle_ns: 440795260950 ns
[    0.716721] clocksource: Switched to clocksource tsc
[    0.717036] Trying to unpack rootfs image as initramfs...
[    0.718724] Initialise system trusted keyrings
[    0.718761] Key type blacklist registered
[    0.719020] workingset: timestamp_bits=36 max_order=20 bucket_order=0
[    0.719032] zbud: loaded
[    0.719689] fuse: init (API version 7.39)
[    0.720623] integrity: Platform Keyring initialized
[    0.720628] integrity: Machine keyring initialized
[    0.727701] Key type asymmetric registered
[    0.727705] Asymmetric key parser 'x509' registered
[    2.662573] Freeing initrd memory: 76728K
[    2.675197] Block layer SCSI generic (bsg) driver version 0.4 loaded (major 247)
[    2.675458] io scheduler mq-deadline registered
[    2.677372] pcieport 0000:00:15.0: PME: Signaling with IRQ 24
[    2.677485] pcieport 0000:00:15.0: pciehp: Slot #160 AttnBtn+ PwrCtrl+ MRL- AttnInd- PwrInd- HotPlug+ Surprise- Interlock- NoCompl+ IbPresDis- LLActRep+
[    2.678697] pcieport 0000:00:15.1: PME: Signaling with IRQ 25
[    2.678803] pcieport 0000:00:15.1: pciehp: Slot #161 AttnBtn+ PwrCtrl+ MRL- AttnInd- PwrInd- HotPlug+ Surprise- Interlock- NoCompl+ IbPresDis- LLActRep+
[    2.679934] pcieport 0000:00:15.2: PME: Signaling with IRQ 26
[    2.680006] pcieport 0000:00:15.2: pciehp: Slot #162 AttnBtn+ PwrCtrl+ MRL- AttnInd- PwrInd- HotPlug+ Surprise- Interlock- NoCompl+ IbPresDis- LLActRep+
[    2.681177] pcieport 0000:00:15.3: PME: Signaling with IRQ 27
[    2.681254] pcieport 0000:00:15.3: pciehp: Slot #163 AttnBtn+ PwrCtrl+ MRL- AttnInd- PwrInd- HotPlug+ Surprise- Interlock- NoCompl+ IbPresDis- LLActRep+
[    2.682512] pcieport 0000:00:15.4: PME: Signaling with IRQ 28
[    2.682594] pcieport 0000:00:15.4: pciehp: Slot #164 AttnBtn+ PwrCtrl+ MRL- AttnInd- PwrInd- HotPlug+ Surprise- Interlock- NoCompl+ IbPresDis- LLActRep+
[    2.683821] pcieport 0000:00:15.5: PME: Signaling with IRQ 29
[    2.683893] pcieport 0000:00:15.5: pciehp: Slot #165 AttnBtn+ PwrCtrl+ MRL- AttnInd- PwrInd- HotPlug+ Surprise- Interlock- NoCompl+ IbPresDis- LLActRep+
[    2.685155] pcieport 0000:00:15.6: PME: Signaling with IRQ 30
[    2.685227] pcieport 0000:00:15.6: pciehp: Slot #166 AttnBtn+ PwrCtrl+ MRL- AttnInd- PwrInd- HotPlug+ Surprise- Interlock- NoCompl+ IbPresDis- LLActRep+
[    2.686439] pcieport 0000:00:15.7: PME: Signaling with IRQ 31
[    2.686511] pcieport 0000:00:15.7: pciehp: Slot #167 AttnBtn+ PwrCtrl+ MRL- AttnInd- PwrInd- HotPlug+ Surprise- Interlock- NoCompl+ IbPresDis- LLActRep+
[    2.687954] pcieport 0000:00:16.0: PME: Signaling with IRQ 32
[    2.688029] pcieport 0000:00:16.0: pciehp: Slot #192 AttnBtn+ PwrCtrl+ MRL- AttnInd- PwrInd- HotPlug+ Surprise- Interlock- NoCompl+ IbPresDis- LLActRep+
[    2.689235] pcieport 0000:00:16.1: PME: Signaling with IRQ 33
[    2.689309] pcieport 0000:00:16.1: pciehp: Slot #193 AttnBtn+ PwrCtrl+ MRL- AttnInd- PwrInd- HotPlug+ Surprise- Interlock- NoCompl+ IbPresDis- LLActRep+
[    2.690581] pcieport 0000:00:16.2: PME: Signaling with IRQ 34
[    2.690657] pcieport 0000:00:16.2: pciehp: Slot #194 AttnBtn+ PwrCtrl+ MRL- AttnInd- PwrInd- HotPlug+ Surprise- Interlock- NoCompl+ IbPresDis- LLActRep+
[    2.691834] pcieport 0000:00:16.3: PME: Signaling with IRQ 35
[    2.691935] pcieport 0000:00:16.3: pciehp: Slot #195 AttnBtn+ PwrCtrl+ MRL- AttnInd- PwrInd- HotPlug+ Surprise- Interlock- NoCompl+ IbPresDis- LLActRep+
[    2.693147] pcieport 0000:00:16.4: PME: Signaling with IRQ 36
[    2.693221] pcieport 0000:00:16.4: pciehp: Slot #196 AttnBtn+ PwrCtrl+ MRL- AttnInd- PwrInd- HotPlug+ Surprise- Interlock- NoCompl+ IbPresDis- LLActRep+
[    2.694518] pcieport 0000:00:16.5: PME: Signaling with IRQ 37
[    2.694599] pcieport 0000:00:16.5: pciehp: Slot #197 AttnBtn+ PwrCtrl+ MRL- AttnInd- PwrInd- HotPlug+ Surprise- Interlock- NoCompl+ IbPresDis- LLActRep+
[    2.695890] pcieport 0000:00:16.6: PME: Signaling with IRQ 38
[    2.695963] pcieport 0000:00:16.6: pciehp: Slot #198 AttnBtn+ PwrCtrl+ MRL- AttnInd- PwrInd- HotPlug+ Surprise- Interlock- NoCompl+ IbPresDis- LLActRep+
[    2.697197] pcieport 0000:00:16.7: PME: Signaling with IRQ 39
[    2.697269] pcieport 0000:00:16.7: pciehp: Slot #199 AttnBtn+ PwrCtrl+ MRL- AttnInd- PwrInd- HotPlug+ Surprise- Interlock- NoCompl+ IbPresDis- LLActRep+
[    2.698663] pcieport 0000:00:17.0: PME: Signaling with IRQ 40
[    2.698779] pcieport 0000:00:17.0: pciehp: Slot #224 AttnBtn+ PwrCtrl+ MRL- AttnInd- PwrInd- HotPlug+ Surprise- Interlock- NoCompl+ IbPresDis- LLActRep+
[    2.700040] pcieport 0000:00:17.1: PME: Signaling with IRQ 41
[    2.700140] pcieport 0000:00:17.1: pciehp: Slot #225 AttnBtn+ PwrCtrl+ MRL- AttnInd- PwrInd- HotPlug+ Surprise- Interlock- NoCompl+ IbPresDis- LLActRep+
[    2.701486] pcieport 0000:00:17.2: PME: Signaling with IRQ 42
[    2.701560] pcieport 0000:00:17.2: pciehp: Slot #226 AttnBtn+ PwrCtrl+ MRL- AttnInd- PwrInd- HotPlug+ Surprise- Interlock- NoCompl+ IbPresDis- LLActRep+
[    2.702847] pcieport 0000:00:17.3: PME: Signaling with IRQ 43
[    2.702919] pcieport 0000:00:17.3: pciehp: Slot #227 AttnBtn+ PwrCtrl+ MRL- AttnInd- PwrInd- HotPlug+ Surprise- Interlock- NoCompl+ IbPresDis- LLActRep+
[    2.704305] pcieport 0000:00:17.4: PME: Signaling with IRQ 44
[    2.704382] pcieport 0000:00:17.4: pciehp: Slot #228 AttnBtn+ PwrCtrl+ MRL- AttnInd- PwrInd- HotPlug+ Surprise- Interlock- NoCompl+ IbPresDis- LLActRep+
[    2.705779] pcieport 0000:00:17.5: PME: Signaling with IRQ 45
[    2.705851] pcieport 0000:00:17.5: pciehp: Slot #229 AttnBtn+ PwrCtrl+ MRL- AttnInd- PwrInd- HotPlug+ Surprise- Interlock- NoCompl+ IbPresDis- LLActRep+
[    2.707201] pcieport 0000:00:17.6: PME: Signaling with IRQ 46
[    2.707296] pcieport 0000:00:17.6: pciehp: Slot #230 AttnBtn+ PwrCtrl+ MRL- AttnInd- PwrInd- HotPlug+ Surprise- Interlock- NoCompl+ IbPresDis- LLActRep+
[    2.708541] pcieport 0000:00:17.7: PME: Signaling with IRQ 47
[    2.708637] pcieport 0000:00:17.7: pciehp: Slot #231 AttnBtn+ PwrCtrl+ MRL- AttnInd- PwrInd- HotPlug+ Surprise- Interlock- NoCompl+ IbPresDis- LLActRep+
[    2.710088] pcieport 0000:00:18.0: PME: Signaling with IRQ 48
[    2.710183] pcieport 0000:00:18.0: pciehp: Slot #256 AttnBtn+ PwrCtrl+ MRL- AttnInd- PwrInd- HotPlug+ Surprise- Interlock- NoCompl+ IbPresDis- LLActRep+
[    2.711480] pcieport 0000:00:18.1: PME: Signaling with IRQ 49
[    2.711554] pcieport 0000:00:18.1: pciehp: Slot #257 AttnBtn+ PwrCtrl+ MRL- AttnInd- PwrInd- HotPlug+ Surprise- Interlock- NoCompl+ IbPresDis- LLActRep+
[    2.712831] pcieport 0000:00:18.2: PME: Signaling with IRQ 50
[    2.712903] pcieport 0000:00:18.2: pciehp: Slot #258 AttnBtn+ PwrCtrl+ MRL- AttnInd- PwrInd- HotPlug+ Surprise- Interlock- NoCompl+ IbPresDis- LLActRep+
[    2.714228] pcieport 0000:00:18.3: PME: Signaling with IRQ 51
[    2.714302] pcieport 0000:00:18.3: pciehp: Slot #259 AttnBtn+ PwrCtrl+ MRL- AttnInd- PwrInd- HotPlug+ Surprise- Interlock- NoCompl+ IbPresDis- LLActRep+
[    2.715716] pcieport 0000:00:18.4: PME: Signaling with IRQ 52
[    2.715810] pcieport 0000:00:18.4: pciehp: Slot #260 AttnBtn+ PwrCtrl+ MRL- AttnInd- PwrInd- HotPlug+ Surprise- Interlock- NoCompl+ IbPresDis- LLActRep+
[    2.717233] pcieport 0000:00:18.5: PME: Signaling with IRQ 53
[    2.717328] pcieport 0000:00:18.5: pciehp: Slot #261 AttnBtn+ PwrCtrl+ MRL- AttnInd- PwrInd- HotPlug+ Surprise- Interlock- NoCompl+ IbPresDis- LLActRep+
[    2.718714] pcieport 0000:00:18.6: PME: Signaling with IRQ 54
[    2.718841] pcieport 0000:00:18.6: pciehp: Slot #262 AttnBtn+ PwrCtrl+ MRL- AttnInd- PwrInd- HotPlug+ Surprise- Interlock- NoCompl+ IbPresDis- LLActRep+
[    2.720130] pcieport 0000:00:18.7: PME: Signaling with IRQ 55
[    2.720205] pcieport 0000:00:18.7: pciehp: Slot #263 AttnBtn+ PwrCtrl+ MRL- AttnInd- PwrInd- HotPlug+ Surprise- Interlock- NoCompl+ IbPresDis- LLActRep+
[    2.721110] shpchp: Standard Hot Plug PCI Controller Driver version: 0.4
[    2.722548] Serial: 8250/16550 driver, 4 ports, IRQ sharing enabled
[    2.723139] 00:06: ttyS0 at I/O 0x3f8 (irq = 4, base_baud = 115200) is a 16550A
[    2.731413] 00:07: ttyS1 at I/O 0x2f8 (irq = 3, base_baud = 115200) is a 16550A
[    2.740208] Linux agpgart interface v0.103
[    2.740295] agpgart-intel 0000:00:00.0: Intel 440BX Chipset
[    2.742371] agpgart-intel 0000:00:00.0: AGP aperture is 256M @ 0x0
[    2.742448] AMD-Vi: AMD IOMMUv2 functionality not available on this system - This is not a bug.
[    2.743499] i8042: PNP: PS/2 Controller [PNP0303:KBC,PNP0f13:MOUS] at 0x60,0x64 irq 1,12
[    2.744214] serio: i8042 KBD port at 0x60,0x64 irq 1
[    2.744220] serio: i8042 AUX port at 0x60,0x64 irq 12
[    2.744685] mousedev: PS/2 mouse device common for all mice
[    2.745758] rtc_cmos 00:01: registered as rtc0
[    2.745843] rtc_cmos 00:01: setting system clock to 2024-04-28T08:04:38 UTC (1714291478)
[    2.745948] rtc_cmos 00:01: alarms up to one month, y3k, 114 bytes nvram
[    2.745958] intel_pstate: CPU model not supported
[    2.746380] ledtrig-cpu: registered to indicate activity on CPUs
[    2.752095] input: AT Translated Set 2 keyboard as /devices/platform/i8042/serio0/input/input0
[    2.757669] NET: Registered PF_INET6 protocol family
[    2.766747] Segment Routing with IPv6
[    2.766757] In-situ OAM (IOAM) with IPv6
[    2.766930] mip6: Mobile IPv6
[    2.766935] NET: Registered PF_PACKET protocol family
[    2.767324] mpls_gso: MPLS GSO support
[    2.767831] IPI shorthand broadcast: enabled
[    2.768767] sched_clock: Marking stable (2769258685, -1455212)->(2768524614, -721141)
[    2.769302] registered taskstats version 1
[    2.769872] Loading compiled-in X.509 certificates
[    2.782515] Loaded X.509 cert 'Build time autogenerated kernel key: 3410d385b5a60e2f01b5626a7f335f746f4ed366'
[    2.785348] Key type .fscrypt registered
[    2.785350] Key type fscrypt-provisioning registered
[    2.790709] Key type encrypted registered
[    2.790713] AppArmor: AppArmor sha1 policy hashing enabled
[    2.790720] ima: No TPM chip found, activating TPM-bypass!
[    2.790724] ima: Allocated hash algorithm: sha256
[    2.790733] ima: No architecture policies found
[    2.790829] evm: Initialising EVM extended attributes:
[    2.790830] evm: security.selinux
[    2.790830] evm: security.SMACK64 (disabled)
[    2.790831] evm: security.SMACK64EXEC (disabled)
[    2.790831] evm: security.SMACK64TRANSMUTE (disabled)
[    2.790832] evm: security.SMACK64MMAP (disabled)
[    2.790832] evm: security.apparmor
[    2.790833] evm: security.ima
[    2.790833] evm: security.capability
[    2.790833] evm: HMAC attrs: 0x1
[    2.925909] RAS: Correctable Errors collector initialized.
[    2.925992] clk: Disabling unused clocks
[    2.927296] Freeing unused decrypted memory: 2028K
[    2.927790] Freeing unused kernel image (initmem) memory: 3964K
[    2.938939] Write protecting the kernel read-only data: 28672k
[    2.939869] Freeing unused kernel image (rodata/data gap) memory: 1740K
[    2.974067] x86/mm: Checked W+X mappings: passed, no W+X pages found.
[    2.974073] x86/mm: Checking user space page tables
[    3.006479] x86/mm: Checked W+X mappings: passed, no W+X pages found.
[    3.006484] Run /init as init process
[    3.006486]   with arguments:
[    3.006486]     /init
[    3.006487]     splash
[    3.006488]   with environment:
[    3.006488]     HOME=/
[    3.006489]     TERM=linux
[    3.006489]     BOOT_IMAGE=/boot/vmlinuz-6.6.15-amd64
[    3.251708] input: Power Button as /devices/LNXSYSTM:00/LNXPWRBN:00/input/input2
[    3.274737] ACPI: button: Power Button [PWRF]
[    3.282976] ACPI: battery: Slot [BAT1] (battery present)
[    3.286542] piix4_smbus 0000:00:07.3: SMBus Host Controller not enabled!
[    3.299983] e1000: Intel(R) PRO/1000 Network Driver
[    3.299986] e1000: Copyright (c) 1999-2006 Intel Corporation.
[    3.303357] FDC 0 is a post-1991 82077
[    3.323781] ACPI: bus type drm_connector registered
[    3.329448] SCSI subsystem initialized
[    3.338343] input: VirtualPS/2 VMware VMMouse as /devices/platform/i8042/serio1/input/input4
[    3.340259] cryptd: max_cpu_qlen set to 1000
[    3.344353] input: VirtualPS/2 VMware VMMouse as /devices/platform/i8042/serio1/input/input3
[    3.344543] Fusion MPT base driver 3.04.20
[    3.344545] Copyright (c) 1999-2008 LSI Corporation
[    3.350121] ACPI: bus type USB registered
[    3.350144] usbcore: registered new interface driver usbfs
[    3.350150] usbcore: registered new interface driver hub
[    3.350168] usbcore: registered new device driver usb
[    3.351909] Fusion MPT SPI Host driver 3.04.20
[    3.353520] mptbase: ioc0: Initiating bringup
[    3.367495] AVX version of gcm_enc/dec engaged.
[    3.367671] AES CTR mode by8 optimization enabled
[    3.369060] vmwgfx 0000:00:0f.0: vgaarb: deactivate vga console
[    3.369158] Console: switching to colour dummy device 80x25
[    3.369737] vmwgfx 0000:00:0f.0: [drm] FIFO at 0x00000000fe000000 size is 8192 kiB
[    3.369822] vmwgfx 0000:00:0f.0: [drm] VRAM at 0x00000000e8000000 size is 131072 kiB
[    3.369833] vmwgfx 0000:00:0f.0: [drm] Running on SVGA version 2.
[    3.369839] vmwgfx 0000:00:0f.0: [drm] Capabilities: rect copy, cursor, cursor bypass, cursor bypass 2, 8bit emulation, alpha cursor, extended fifo, multimon, pitchlock, irq mask, display topology, gmr, traces, gmr2, screen object 2, 
[    3.369840] vmwgfx 0000:00:0f.0: [drm] DMA map mode: Caching DMA mappings.
[    3.369868] vmwgfx 0000:00:0f.0: [drm] Legacy memory limits: VRAM = 131072 kB, FIFO = 2048 kB, surface = 786432 kB
[    3.369870] vmwgfx 0000:00:0f.0: [drm] MOB limits: max mob size = 0 kB, max mob pages = 0
[    3.369871] vmwgfx 0000:00:0f.0: [drm] Max GMR ids is 64
[    3.369872] vmwgfx 0000:00:0f.0: [drm] Max number of GMR pages is 196608
[    3.369872] vmwgfx 0000:00:0f.0: [drm] Maximum display memory size is 131072 kiB
[    3.370489] vmwgfx 0000:00:0f.0: [drm] Screen Object display unit initialized
[    3.385326] vmwgfx 0000:00:0f.0: [drm] Fifo max 0x00200000 min 0x00001000 cap 0x0000077f
[    3.385342] vmwgfx 0000:00:0f.0: [drm] Available shader model: Legacy.
[    3.388264] [drm] Initialized vmwgfx 2.20.0 20211206 for 0000:00:0f.0 on minor 0
[    3.422103] ehci-pci 0000:02:03.0: EHCI Host Controller
[    3.422111] ehci-pci 0000:02:03.0: new USB bus registered, assigned bus number 1
[    3.427117] libata version 3.00 loaded.
[    3.427270] ehci-pci 0000:02:03.0: irq 17, io mem 0xfd5ef000
[    3.428458] fbcon: vmwgfxdrmfb (fb0) is primary device
[    3.428743] Console: switching to colour frame buffer device 160x50
[    3.434138] vmwgfx 0000:00:0f.0: [drm] fb0: vmwgfxdrmfb frame buffer device
[    3.446588] ehci-pci 0000:02:03.0: USB 2.0 started, EHCI 1.00
[    3.446658] usb usb1: New USB device found, idVendor=1d6b, idProduct=0002, bcdDevice= 6.06
[    3.446662] usb usb1: New USB device strings: Mfr=3, Product=2, SerialNumber=1
[    3.446664] usb usb1: Product: EHCI Host Controller
[    3.446665] usb usb1: Manufacturer: Linux 6.6.15-amd64 ehci_hcd
[    3.446666] usb usb1: SerialNumber: 0000:02:03.0
[    3.447439] hub 1-0:1.0: USB hub found
[    3.447444] hub 1-0:1.0: 6 ports detected
[    3.447612] uhci_hcd 0000:02:00.0: UHCI Host Controller
[    3.447619] uhci_hcd 0000:02:00.0: new USB bus registered, assigned bus number 2
[    3.447660] uhci_hcd 0000:02:00.0: detected 2 ports
[    3.447861] uhci_hcd 0000:02:00.0: irq 18, io port 0x00002080
[    3.448102] usb usb2: New USB device found, idVendor=1d6b, idProduct=0001, bcdDevice= 6.06
[    3.448104] usb usb2: New USB device strings: Mfr=3, Product=2, SerialNumber=1
[    3.448105] usb usb2: Product: UHCI Host Controller
[    3.448106] usb usb2: Manufacturer: Linux 6.6.15-amd64 uhci_hcd
[    3.448107] usb usb2: SerialNumber: 0000:02:00.0
[    3.448251] hub 2-0:1.0: USB hub found
[    3.448256] hub 2-0:1.0: 2 ports detected
[    3.457497] ata_piix 0000:00:07.1: version 2.13
[    3.458467] scsi host0: ata_piix
[    3.458898] scsi host1: ata_piix
[    3.458946] ata1: PATA max UDMA/33 cmd 0x1f0 ctl 0x3f6 bmdma 0x1060 irq 14
[    3.458949] ata2: PATA max UDMA/33 cmd 0x170 ctl 0x376 bmdma 0x1068 irq 15
[    3.502988] ioc0: LSI53C1030 B0: Capabilities={Initiator}
[    3.687502] usb 2-1: new full-speed USB device number 2 using uhci_hcd
[    3.741373] e1000 0000:02:01.0 eth0: (PCI:66MHz:32-bit) 00:0c:29:bb:36:6c
[    3.741381] e1000 0000:02:01.0 eth0: Intel(R) PRO/1000 Network Connection
[    3.757546] scsi host2: ioc0: LSI53C1030 B0, FwRev=01032920h, Ports=1, MaxQ=128, IRQ=17
[    3.856634] usb 2-1: New USB device found, idVendor=0e0f, idProduct=0003, bcdDevice= 1.02
[    3.856639] usb 2-1: New USB device strings: Mfr=1, Product=2, SerialNumber=0
[    3.856640] usb 2-1: Product: VMware Virtual USB Mouse
[    3.856641] usb 2-1: Manufacturer: VMware
[    3.877267] hid: raw HID events driver (C) Jiri Kosina
[    3.887664] usbcore: registered new interface driver usbhid
[    3.887666] usbhid: USB HID core driver
[    3.892685] input: VMware VMware Virtual USB Mouse as /devices/pci0000:00/0000:00:11.0/0000:02:00.0/usb2/2-1/2-1:1.0/0003:0E0F:0003.0001/input/input5
[    3.893033] hid-generic 0003:0E0F:0003.0001: input,hidraw0: USB HID v1.10 Mouse [VMware VMware Virtual USB Mouse] on usb-0000:02:00.0-1/input0
[    3.893173] input: VMware VMware Virtual USB Mouse as /devices/pci0000:00/0000:00:11.0/0000:02:00.0/usb2/2-1/2-1:1.1/0003:0E0F:0003.0002/input/input6
[    3.893510] hid-generic 0003:0E0F:0003.0002: input,hidraw1: USB HID v1.10 Mouse [VMware VMware Virtual USB Mouse] on usb-0000:02:00.0-1/input1
[    3.927453] scsi 2:0:0:0: Direct-Access     VMware,  VMware Virtual S 1.0  PQ: 0 ANSI: 2
[    3.947234] scsi target2:0:0: Beginning Domain Validation
[    3.949680] scsi target2:0:0: Domain Validation skipping write tests
[    3.949682] scsi target2:0:0: Ending Domain Validation
[    3.949745] scsi target2:0:0: FAST-40 WIDE SCSI 80.0 MB/s ST (25 ns, offset 127)
[    3.986979] sd 2:0:0:0: [sda] 167968750 512-byte logical blocks: (86.0 GB/80.1 GiB)
[    3.987127] sd 2:0:0:0: [sda] Write Protect is off
[    3.987129] sd 2:0:0:0: [sda] Mode Sense: 61 00 00 00
[    3.987284] sd 2:0:0:0: [sda] Cache data unavailable
[    3.987286] sd 2:0:0:0: [sda] Assuming drive cache: write through
[    3.989648]  sda: sda1
[    3.989813] sd 2:0:0:0: [sda] Attached SCSI disk
[    3.999503] usb 2-2: new full-speed USB device number 3 using uhci_hcd
[    4.165211] usb 2-2: New USB device found, idVendor=0e0f, idProduct=0002, bcdDevice= 1.00
[    4.165215] usb 2-2: New USB device strings: Mfr=1, Product=2, SerialNumber=0
[    4.165216] usb 2-2: Product: VMware Virtual USB Hub
[    4.165217] usb 2-2: Manufacturer: VMware, Inc.
[    4.174733] hub 2-2:1.0: USB hub found
[    4.178472] hub 2-2:1.0: 7 ports detected
[    4.376194] EXT4-fs (sda1): mounted filesystem 62d31794-7e10-4503-b064-1f61831bc953 ro with ordered data mode. Quota mode: none.
[    4.492291] usb 2-2.1: new full-speed USB device number 4 using uhci_hcd
[    4.617385] usb 2-2.1: New USB device found, idVendor=0e0f, idProduct=0006, bcdDevice= 1.00
[    4.617389] usb 2-2.1: New USB device strings: Mfr=1, Product=2, SerialNumber=0
[    4.617391] usb 2-2.1: Product: VMware Virtual USB Keyboard
[    4.617392] usb 2-2.1: Manufacturer: VMware
[    4.630243] input: VMware VMware Virtual USB Keyboard as /devices/pci0000:00/0000:00:11.0/0000:02:00.0/usb2/2-2/2-2.1/2-2.1:1.0/0003:0E0F:0006.0003/input/input7
[    4.678502] Not activating Mandatory Access Control as /sbin/tomoyo-init does not exist.
[    4.688715] hid-generic 0003:0E0F:0006.0003: input,hidraw2: USB HID v1.10 Keyboard [VMware VMware Virtual USB Keyboard] on usb-0000:02:00.0-2.1/input0
[    4.771106] usb 2-2.2: new full-speed USB device number 5 using uhci_hcd
[    4.900866] usb 2-2.2: New USB device found, idVendor=0e0f, idProduct=0008, bcdDevice= 1.00
[    4.900871] usb 2-2.2: New USB device strings: Mfr=1, Product=2, SerialNumber=3
[    4.900872] usb 2-2.2: Product: Virtual Bluetooth Adapter
[    4.900873] usb 2-2.2: Manufacturer: VMware
[    4.900874] usb 2-2.2: SerialNumber: 000650268328
[    5.798970] systemd[1]: Inserted module 'autofs4'
[    5.959173] systemd[1]: systemd 255.4-1 running in system mode (+PAM +AUDIT +SELINUX +APPARMOR +IMA +SMACK +SECCOMP +GCRYPT -GNUTLS +OPENSSL +ACL +BLKID +CURL +ELFUTILS +FIDO2 +IDN2 -IDN +IPTC +KMOD +LIBCRYPTSETUP +LIBFDISK +PCRE2 -PWQUALITY +P11KIT +QRENCODE +TPM2 +BZIP2 +LZ4 +XZ +ZLIB +ZSTD -BPF_FRAMEWORK -XKBCOMMON +UTMP +SYSVINIT default-hierarchy=unified)
[    5.959178] systemd[1]: Detected virtualization vmware.
[    5.959193] systemd[1]: Detected architecture x86-64.
[    5.999501] systemd[1]: Hostname set to <kali>.
[    7.173722] systemd[1]: Queued start job for default target graphical.target.
[    7.227228] systemd[1]: Created slice system-getty.slice - Slice /system/getty.
[    7.227773] systemd[1]: Created slice system-modprobe.slice - Slice /system/modprobe.
[    7.228159] systemd[1]: Created slice system-postgresql.slice - Slice /system/postgresql.
[    7.228496] systemd[1]: Created slice user.slice - User and Session Slice.
[    7.228562] systemd[1]: Started systemd-ask-password-wall.path - Forward Password Requests to Wall Directory Watch.
[    7.228727] systemd[1]: Set up automount proc-sys-fs-binfmt_misc.automount - Arbitrary Executable File Formats File System Automount Point.
[    7.228751] systemd[1]: Reached target integritysetup.target - Local Integrity Protected Volumes.
[    7.228771] systemd[1]: Reached target nss-user-lookup.target - User and Group Name Lookups.
[    7.228787] systemd[1]: Reached target slices.target - Slice Units.
[    7.228800] systemd[1]: Reached target stunnel.target - TLS tunnels for network services - per-config-file target.
[    7.228818] systemd[1]: Reached target veritysetup.target - Local Verity Protected Volumes.
[    7.228953] systemd[1]: Listening on systemd-fsckd.socket - fsck to fsckd communication Socket.
[    7.229010] systemd[1]: Listening on systemd-initctl.socket - initctl Compatibility Named Pipe.
[    7.229134] systemd[1]: Listening on systemd-journald-dev-log.socket - Journal Socket (/dev/log).
[    7.229255] systemd[1]: Listening on systemd-journald.socket - Journal Socket.
[    7.229276] systemd[1]: systemd-pcrextend.socket - TPM2 PCR Extension (Varlink) was skipped because of an unmet condition check (ConditionSecurity=measured-uki).
[    7.257633] systemd[1]: Listening on systemd-udevd-control.socket - udev Control Socket.
[    7.257799] systemd[1]: Listening on systemd-udevd-kernel.socket - udev Kernel Socket.
[    7.307346] systemd[1]: Mounting dev-hugepages.mount - Huge Pages File System...
[    7.308654] systemd[1]: Mounting dev-mqueue.mount - POSIX Message Queue File System...
[    7.309662] systemd[1]: Mounting sys-kernel-debug.mount - Kernel Debug File System...
[    7.311232] systemd[1]: Mounting sys-kernel-tracing.mount - Kernel Trace File System...
[    7.311283] systemd[1]: auth-rpcgss-module.service - Kernel Module supporting RPCSEC_GSS was skipped because of an unmet condition check (ConditionPathExists=/etc/krb5.keytab).
[    7.315271] systemd[1]: Starting keyboard-setup.service - Set the console keyboard layout...
[    7.317206] systemd[1]: Starting kmod-static-nodes.service - Create List of Static Device Nodes...
[    7.318268] systemd[1]: Starting modprobe@configfs.service - Load Kernel Module configfs...
[    7.321832] systemd[1]: Starting modprobe@dm_mod.service - Load Kernel Module dm_mod...
[    7.326060] systemd[1]: Starting modprobe@drm.service - Load Kernel Module drm...
[    7.328770] systemd[1]: Starting modprobe@efi_pstore.service - Load Kernel Module efi_pstore...
[    7.329982] systemd[1]: Starting modprobe@fuse.service - Load Kernel Module fuse...
[    7.331360] systemd[1]: Starting modprobe@loop.service - Load Kernel Module loop...
[    7.331428] systemd[1]: systemd-fsck-root.service - File System Check on Root Device was skipped because of an unmet condition check (ConditionPathExists=!/run/initramfs/fsck-root).
[    7.335174] systemd[1]: Starting systemd-journald.service - Journal Service...
[    7.366377] systemd[1]: Starting systemd-modules-load.service - Load Kernel Modules...
[    7.366393] systemd[1]: systemd-pcrmachine.service - TPM2 PCR Machine ID Measurement was skipped because of an unmet condition check (ConditionSecurity=measured-uki).
[    7.368150] systemd[1]: Starting systemd-remount-fs.service - Remount Root and Kernel File Systems...
[    7.368190] systemd[1]: systemd-tpm2-setup-early.service - TPM2 SRK Setup (Early) was skipped because of an unmet condition check (ConditionSecurity=measured-uki).
[    7.369239] systemd[1]: Starting systemd-udev-trigger.service - Coldplug All udev Devices...
[    7.370540] systemd[1]: Mounted dev-hugepages.mount - Huge Pages File System.
[    7.370687] systemd[1]: Mounted dev-mqueue.mount - POSIX Message Queue File System.
[    7.370793] systemd[1]: Mounted sys-kernel-debug.mount - Kernel Debug File System.
[    7.370887] systemd[1]: Mounted sys-kernel-tracing.mount - Kernel Trace File System.
[    7.371251] systemd[1]: Finished kmod-static-nodes.service - Create List of Static Device Nodes.
[    7.371848] systemd[1]: modprobe@configfs.service: Deactivated successfully.
[    7.372087] systemd[1]: Finished modprobe@configfs.service - Load Kernel Module configfs.
[    7.372560] systemd[1]: modprobe@fuse.service: Deactivated successfully.
[    7.372716] systemd[1]: Finished modprobe@fuse.service - Load Kernel Module fuse.
[    7.373079] systemd[1]: modprobe@drm.service: Deactivated successfully.
[    7.373243] systemd[1]: Finished modprobe@drm.service - Load Kernel Module drm.
[    7.374680] systemd[1]: Mounting sys-fs-fuse-connections.mount - FUSE Control File System...
[    7.376067] systemd[1]: Mounting sys-kernel-config.mount - Kernel Configuration File System...
[    7.383150] systemd[1]: Starting systemd-tmpfiles-setup-dev-early.service - Create Static Device Nodes in /dev gracefully...
[    7.384388] systemd[1]: Mounted sys-fs-fuse-connections.mount - FUSE Control File System.
[    7.388389] systemd[1]: Mounting run-vmblock\x2dfuse.mount - VMware vmblock fuse mount...
[    7.390439] systemd[1]: Mounted sys-kernel-config.mount - Kernel Configuration File System.
[    7.396337] loop: module loaded
[    7.397005] systemd[1]: modprobe@loop.service: Deactivated successfully.
[    7.397160] systemd[1]: Finished modprobe@loop.service - Load Kernel Module loop.
[    7.412163] EXT4-fs (sda1): re-mounted 62d31794-7e10-4503-b064-1f61831bc953 r/w. Quota mode: none.
[    7.413068] systemd[1]: modprobe@efi_pstore.service: Deactivated successfully.
[    7.413201] systemd[1]: Finished modprobe@efi_pstore.service - Load Kernel Module efi_pstore.
[    7.413452] systemd[1]: Finished systemd-remount-fs.service - Remount Root and Kernel File Systems.
[    7.414556] systemd[1]: Activating swap swapfile.swap - /swapfile...
[    7.474385] systemd[1]: systemd-hwdb-update.service - Rebuild Hardware Database was skipped because of an unmet condition check (ConditionNeedsUpdate=/etc).
[    7.474464] systemd[1]: systemd-pstore.service - Platform Persistent Storage Archival was skipped because of an unmet condition check (ConditionDirectoryNotEmpty=/sys/fs/pstore).
[    7.503452] systemd[1]: Starting systemd-random-seed.service - Load/Save OS Random Seed...
[    7.503476] systemd[1]: systemd-tpm2-setup.service - TPM2 SRK Setup was skipped because of an unmet condition check (ConditionSecurity=measured-uki).
[    7.504201] systemd[1]: Finished systemd-modules-load.service - Load Kernel Modules.
[    7.504366] systemd[1]: Mounted run-vmblock\x2dfuse.mount - VMware vmblock fuse mount.
[    7.505822] systemd[1]: Starting systemd-sysctl.service - Apply Kernel Variables...
[    7.575547] random: crng init done
[    7.577987] systemd[1]: Finished systemd-random-seed.service - Load/Save OS Random Seed.
[    7.615013] systemd-journald[404]: Collecting audit messages is disabled.
[    7.618085] systemd[1]: Finished keyboard-setup.service - Set the console keyboard layout.
[    7.632011] device-mapper: core: CONFIG_IMA_DISABLE_HTABLE is disabled. Duplicate IMA measurements will not be recorded in the IMA log.
[    7.632084] device-mapper: uevent: version 1.0.3
[    7.632343] device-mapper: ioctl: 4.48.0-ioctl (2023-03-01) initialised: dm-devel@redhat.com
[    7.633920] systemd[1]: modprobe@dm_mod.service: Deactivated successfully.
[    7.635137] systemd[1]: Finished modprobe@dm_mod.service - Load Kernel Module dm_mod.
[    7.635413] systemd[1]: systemd-repart.service - Repartition Root Disk was skipped because no trigger condition checks were met.
[    7.694622] systemd[1]: Finished systemd-sysctl.service - Apply Kernel Variables.
[    7.725909] Adding 1048572k swap on /swapfile.  Priority:-2 extents:1 across:1048572k 
[    7.725999] systemd[1]: Activated swap swapfile.swap - /swapfile.
[    7.726069] systemd[1]: Reached target swap.target - Swaps.
[    7.760242] systemd[1]: Started systemd-journald.service - Journal Service.
[    7.819969] systemd-journald[404]: Received client request to flush runtime journal.
[    8.018621] systemd-journald[404]: /var/log/journal/d3ab02d2e96b4806ad45511cf7593a25/system.journal: Journal file uses a different sequence number ID, rotating.
[    8.018629] systemd-journald[404]: Rotating system journal.
[    9.403780] vmw_vmci 0000:00:07.7: Using capabilities 0xc
[    9.411490] Guest personality initialized and is active
[    9.420437] sd 2:0:0:0: Attached scsi generic sg0 type 0
[    9.423527] VMCI host device registered (name=vmci, major=10, minor=124)
[    9.423530] Initialized host personality
[    9.441347] input: PC Speaker as /devices/platform/pcspkr/input/input8
[    9.483605] ACPI: AC: AC Adapter [ACAD] (on-line)
[    9.558973] RAPL PMU: API unit is 2^-32 Joules, 0 fixed counters, 10737418240 ms ovfl timer
[    9.598962] parport_pc 00:05: reported by Plug and Play ACPI
[    9.599070] parport0: PC-style at 0x378, irq 7 [PCSPP,TRISTATE]
[    9.808676] ppdev: user-space parallel port driver
[   10.572588] Bluetooth: Core ver 2.22
[   10.572626] NET: Registered PF_BLUETOOTH protocol family
[   10.572628] Bluetooth: HCI device and connection manager initialized
[   10.572631] Bluetooth: HCI socket layer initialized
[   10.572633] Bluetooth: L2CAP socket layer initialized
[   10.572635] Bluetooth: SCO socket layer initialized
[   10.734467] usbcore: registered new interface driver btusb
[   10.806411] Bluetooth: hci0: unexpected cc 0x0c12 length: 2 < 3
[   10.806420] Bluetooth: hci0: Opcode 0x0c12 failed: -38
[   12.202238] RPC: Registered named UNIX socket transport module.
[   12.202240] RPC: Registered udp transport module.
[   12.202241] RPC: Registered tcp transport module.
[   12.202241] RPC: Registered tcp-with-tls transport module.
[   12.202242] RPC: Registered tcp NFSv4.1 backchannel transport module.
[   13.252479] NET: Registered PF_VSOCK protocol family
[   15.129738] NET: Registered PF_QIPCRTR protocol family
[   15.943548] e1000: eth0 NIC Link is Up 1000 Mbps Full Duplex, Flow Control: None
[   22.805708] audit: type=1400 audit(1714291498.555:2): apparmor="STATUS" operation="profile_load" profile="unconfined" name="docker-default" pid=998 comm="apparmor_parser"
[   23.764463] bridge: filtering via arp/ip/ip6tables is no longer available by default. Update your scripts to load br_netfilter if you need this.
[   23.778528] Bridge firewalling registered
[   24.258164] Initializing XFRM netlink socket
